Archive member included to satisfy reference by file (symbol)

C:/devkitPro/libnx/lib\libnx.a(bpc.o)
                              main.o (bpcInitialize)
C:/devkitPro/libnx/lib\libnx.a(sm.o)
                              C:/devkitPro/libnx/lib\libnx.a(bpc.o) (smGetService)
C:/devkitPro/libnx/lib\libnx.a(fatal.o)
                              C:/devkitPro/libnx/lib\libnx.a(sm.o) (fatalSimple)
C:/devkitPro/libnx/lib\libnx.a(gfx.o)
                              main.o (gfxInitDefault)
C:/devkitPro/libnx/lib\libnx.a(nvgfx.o)
                              C:/devkitPro/libnx/lib\libnx.a(gfx.o) (nvgfxInitialize)
C:/devkitPro/libnx/lib\libnx.a(console.o)
                              main.o (consoleInit)
C:/devkitPro/libnx/lib\libnx.a(console_sw.o)
                              C:/devkitPro/libnx/lib\libnx.a(console.o) (getDefaultConsoleRenderer)
C:/devkitPro/libnx/lib\libnx.a(cache.o)
                              C:/devkitPro/libnx/lib\libnx.a(gfx.o) (armDCacheFlush)
C:/devkitPro/libnx/lib\libnx.a(svc.o)
                              C:/devkitPro/libnx/lib\libnx.a(fatal.o) (svcExitProcess)
C:/devkitPro/libnx/lib\libnx.a(switch_crt0.o)
                              (_start)
C:/devkitPro/libnx/lib\libnx.a(default_font.bin.o)
                              C:/devkitPro/libnx/lib\libnx.a(console.o) (default_font_bin)
C:/devkitPro/libnx/lib\libnx.a(detect.o)
                              C:/devkitPro/libnx/lib\libnx.a(bpc.o) (kernelAbove200)
C:/devkitPro/libnx/lib\libnx.a(mutex.o)
                              C:/devkitPro/libnx/lib\libnx.a(detect.o) (mutexLock)
C:/devkitPro/libnx/lib\libnx.a(event.o)
                              C:/devkitPro/libnx/lib\libnx.a(gfx.o) (eventWait)
C:/devkitPro/libnx/lib\libnx.a(nv.o)
                              C:/devkitPro/libnx/lib\libnx.a(gfx.o) (nvExit)
C:/devkitPro/libnx/lib\libnx.a(applet.o)
                              C:/devkitPro/libnx/lib\libnx.a(nv.o) (appletGetAppletType)
C:/devkitPro/libnx/lib\libnx.a(vi.o)
                              C:/devkitPro/libnx/lib\libnx.a(gfx.o) (viExit)
C:/devkitPro/libnx/lib\libnx.a(apm.o)
                              C:/devkitPro/libnx/lib\libnx.a(applet.o) (apmExit)
C:/devkitPro/libnx/lib\libnx.a(fence.o)
                              C:/devkitPro/libnx/lib\libnx.a(gfx.o) (nvFenceInit)
C:/devkitPro/libnx/lib\libnx.a(nvhost-ctrl.o)
                              C:/devkitPro/libnx/lib\libnx.a(fence.o) (nvioctlNvhostCtrl_EventSignal)
C:/devkitPro/libnx/lib\libnx.a(nvmap.o)
                              C:/devkitPro/libnx/lib\libnx.a(nvgfx.o) (nvioctlNvmap_Create)
C:/devkitPro/libnx/lib\libnx.a(buffer_producer.o)
                              C:/devkitPro/libnx/lib\libnx.a(gfx.o) (bqRequestBuffer)
C:/devkitPro/libnx/lib\libnx.a(binder.o)
                              C:/devkitPro/libnx/lib\libnx.a(gfx.o) (binderCreate)
C:/devkitPro/libnx/lib\libnx.a(parcel.o)
                              C:/devkitPro/libnx/lib\libnx.a(buffer_producer.o) (parcelCreate)
C:/devkitPro/libnx/lib\libnx.a(dynamic.o)
                              C:/devkitPro/libnx/lib\libnx.a(switch_crt0.o) (__nx_dynamic)
C:/devkitPro/libnx/lib\libnx.a(init.o)
                              C:/devkitPro/libnx/lib\libnx.a(switch_crt0.o) (__libnx_init)
C:/devkitPro/libnx/lib\libnx.a(env.o)
                              C:/devkitPro/libnx/lib\libnx.a(init.o) (envSetup)
C:/devkitPro/libnx/lib\libnx.a(newlib.o)
                              C:/devkitPro/libnx/lib\libnx.a(init.o) (__libnx_init_time)
C:/devkitPro/libnx/lib\libnx.a(argv.o)
                              C:/devkitPro/libnx/lib\libnx.a(init.o) (argvSetup)
C:/devkitPro/libnx/lib\libnx.a(fs_dev.o)
                              C:/devkitPro/libnx/lib\libnx.a(init.o) (fsdevMountSdmc)
C:/devkitPro/libnx/lib\libnx.a(decode_utf8.o)
                              C:/devkitPro/libnx/lib\libnx.a(fs_dev.o) (decode_utf8)
C:/devkitPro/libnx/lib\libnx.a(readtp.o)
                              C:/devkitPro/libnx/lib\libnx.a(fs_dev.o) (__aarch64_read_tp)
C:/devkitPro/libnx/lib\libnx.a(tmem.o)
                              C:/devkitPro/libnx/lib\libnx.a(nv.o) (tmemCreate)
C:/devkitPro/libnx/lib\libnx.a(virtmem.o)
                              C:/devkitPro/libnx/lib\libnx.a(init.o) (virtmemSetup)
C:/devkitPro/libnx/lib\libnx.a(time.o)
                              C:/devkitPro/libnx/lib\libnx.a(init.o) (timeExit)
C:/devkitPro/libnx/lib\libnx.a(hid.o)
                              C:/devkitPro/libnx/lib\libnx.a(init.o) (hidExit)
C:/devkitPro/libnx/lib\libnx.a(fs.o)
                              C:/devkitPro/libnx/lib\libnx.a(init.o) (fsInitialize)
C:/devkitPro/libnx/lib\libnx.a(nxlink.o)
                              C:/devkitPro/libnx/lib\libnx.a(argv.o) (nxlinkSetup)
C:/devkitPro/libnx/lib\libnx.a(shmem.o)
                              C:/devkitPro/libnx/lib\libnx.a(hid.o) (shmemLoadRemote)
C:/devkitPro/libnx/lib\libnx.a(rwlock.o)
[...]
Memory Configuration

Name             Origin             Length             Attributes
*default*        0x0000000000000000 0xffffffffffffffff

Linker script and memory map

                0x0000000000000000                PROVIDE (__start__ = 0x0)
                0x0000000000000000                . = __start__

.crt0           0x0000000000000000      0x130
 *(.crt0)
 .crt0          0x0000000000000000      0x130 C:/devkitPro/libnx/lib\libnx.a(switch_crt0.o)
                0x0000000000000000                _start
                0x0000000000000104                __nx_exit
                0x0000000000000114                __nx_mod0
                0x0000000000000130                . = ALIGN (0x8)

.init           0x0000000000000130       0x38
 *(.init)
 .init          0x0000000000000130       0x18 c:/devkitpro/devkita64/bin/../lib/gcc/aarch64-none-elf/8.2.0/pic/crti.o
                0x0000000000000130                _init
 .init          0x0000000000000148       0x1c c:/devkitpro/devkita64/bin/../lib/gcc/aarch64-none-elf/8.2.0/pic/crtn.o
                0x0000000000000168                . = ALIGN (0x8)
 *fill*         0x0000000000000164        0x4 

.plt            0x0000000000000168        0x0
 *(.plt)
 .plt           0x0000000000000168        0x0 c:/devkitpro/devkita64/bin/../lib/gcc/aarch64-none-elf/8.2.0/pic/crti.o
 *(.iplt)
                0x0000000000000168                . = ALIGN (0x8)

.text           0x0000000000000180    0x1f8b8
 *(.text.unlikely .text.*_unlikely .text.unlikely.*)
 *(.text.exit .text.exit.*)
 .text.exit     0x0000000000000180       0x38 c:/devkitpro/devkita64/bin/../lib/gcc/aarch64-none-elf/8.2.0/../../../../aarch64-none-elf/lib/pic\libg.a(lib_a-exit.o)
                0x0000000000000180                exit
 *(.text.startup .text.startup.*)
 *fill*         0x00000000000001b8        0x8 
 .text.startup.main
                0x00000000000001c0       0x2c main.o
                0x00000000000001c0                main
 *(.text.hot .text.hot.*)
 *(.text .stub .text.* .gnu.linkonce.t.*)
 *fill*         0x00000000000001ec        0x4 
 .text.deregister_tm_clones
                0x00000000000001f0       0x2c c:/devkitpro/devkita64/bin/../lib/gcc/aarch64-none-elf/8.2.0/pic/crtbegin.o
 *fill*         0x000000000000021c        0x4 
 .text.register_tm_clones
                0x0000000000000220       0x38 c:/devkitpro/devkita64/bin/../lib/gcc/aarch64-none-elf/8.2.0/pic/crtbegin.o
 .text.__do_global_dtors_aux
                0x0000000000000258       0x48 c:/devkitpro/devkita64/bin/../lib/gcc/aarch64-none-elf/8.2.0/pic/crtbegin.o
 .text.frame_dummy
                0x00000000000002a0       0x34 c:/devkitpro/devkita64/bin/../lib/gcc/aarch64-none-elf/8.2.0/pic/crtbegin.o
 *fill*         0x00000000000002d4        0xc 
 .text.ipcCloseObjectById
                0x00000000000002e0       0x34 C:/devkitPro/libnx/lib\libnx.a(bpc.o)
 *fill*         0x0000000000000314        0xc 
 .text.bpcInitialize
                0x0000000000000320       0x70 C:/devkitPro/libnx/lib\libnx.a(bpc.o)
                0x0000000000000320                bpcInitialize
 .text.bpcExit  0x0000000000000390       0x9c C:/devkitPro/libnx/lib\libnx.a(bpc.o)
                0x0000000000000390                bpcExit
 *fill*         0x000000000000042c        0x4 
 .text.bpcShutdownSystem
                0x0000000000000430       0xc8 C:/devkitPro/libnx/lib\libnx.a(bpc.o)
                0x0000000000000430                bpcShutdownSystem
 *fill*         0x00000000000004f8        0x8 
 .text.smAddOverrideHandle
                0x0000000000000500       0x44 C:/devkitPro/libnx/lib\libnx.a(sm.o)
                0x0000000000000500                smAddOverrideHandle
 *fill*         0x0000000000000544        0xc 
 .text.smGetServiceOverride
                0x0000000000000550       0x60 C:/devkitPro/libnx/lib\libnx.a(sm.o)
                0x0000000000000550                smGetServiceOverride
 .text.smHasInitialized
                0x00000000000005b0       0x14 C:/devkitPro/libnx/lib\libnx.a(sm.o)
                0x00000000000005b0                smHasInitialized
 *fill*         0x00000000000005c4        0xc 
 .text.smExit   0x00000000000005d0       0x5c C:/devkitPro/libnx/lib\libnx.a(sm.o)
                0x00000000000005d0                smExit
 *fill*         0x000000000000062c        0x4 
 .text.smEncodeName
                0x0000000000000630       0x38 C:/devkitPro/libnx/lib\libnx.a(sm.o)
                0x0000000000000630                smEncodeName
 *fill*         0x0000000000000668        0x8 
 .text.smGetServiceOriginal
                0x0000000000000670      0x12c C:/devkitPro/libnx/lib\libnx.a(sm.o)
                0x0000000000000670                smGetServiceOriginal
 *fill*         0x000000000000079c        0x4 
 .text.smInitialize
                0x00000000000007a0      0x158 C:/devkitPro/libnx/lib\libnx.a(sm.o)
                0x00000000000007a0                smInitialize
 *fill*         0x00000000000008f8        0x8 
 .text.smGetService
                0x0000000000000900       0x74 C:/devkitPro/libnx/lib\libnx.a(sm.o)
                0x0000000000000900                smGetService
 *fill*         0x0000000000000974        0xc 
 .text.fatalWithType
                0x0000000000000980      0x104 C:/devkitPro/libnx/lib\libnx.a(fatal.o)
                0x0000000000000980                fatalWithType
 *fill*         0x0000000000000a84        0xc 
 .text.fatalSimple
                0x0000000000000a90       0x14 C:/devkitPro/libnx/lib\libnx.a(fatal.o)
                0x0000000000000a90                fatalSimple
 *fill*         0x0000000000000aa4        0xc 
 .text._gfxCancelBuffer
                0x0000000000000ab0       0x4c C:/devkitPro/libnx/lib\libnx.a(gfx.o)
 *fill*         0x0000000000000afc        0x4 
 .text._gfxDequeueBuffer.part.0
                0x0000000000000b00      0x170 C:/devkitPro/libnx/lib\libnx.a(gfx.o)
 .text.gfxInitDefault
                0x0000000000000c70      0x4b4 C:/devkitPro/libnx/lib\libnx.a(gfx.o)
                0x0000000000000c70                gfxInitDefault
 *fill*         0x0000000000001124        0xc 
 .text.gfxConfigureCrop
                0x0000000000001130       0xe8 C:/devkitPro/libnx/lib\libnx.a(gfx.o)
                0x0000000000001130                gfxConfigureCrop
 *fill*         0x0000000000001218        0x8 
 .text.gfxConfigureResolution
                0x0000000000001220       0x14 C:/devkitPro/libnx/lib\libnx.a(gfx.o)
                0x0000000000001220                gfxConfigureResolution
 *fill*         0x0000000000001234        0xc 
 .text._gfxAutoResolutionAppletHook
                0x0000000000001240       0x60 C:/devkitPro/libnx/lib\libnx.a(gfx.o)
 .text.gfxConfigureAutoResolution
                0x00000000000012a0      0x11c C:/devkitPro/libnx/lib\libnx.a(gfx.o)
                0x00000000000012a0                gfxConfigureAutoResolution
 *fill*         0x00000000000013bc        0x4 
 .text.gfxExit  0x00000000000013c0      0x174 C:/devkitPro/libnx/lib\libnx.a(gfx.o)
                0x00000000000013c0                gfxExit
 *fill*         0x0000000000001534        0xc 
 .text._gfxGraphicBufferInit
                0x0000000000001540       0x3c C:/devkitPro/libnx/lib\libnx.a(gfx.o)
                0x0000000000001540                _gfxGraphicBufferInit
 *fill*         0x000000000000157c        0x4 
 .text.gfxSwapBuffers
                0x0000000000001580       0x6c C:/devkitPro/libnx/lib\libnx.a(gfx.o)
                0x0000000000001580                gfxSwapBuffers
 *fill*         0x00000000000015ec        0x4 
 .text.gfxGetFramebuffer
                0x00000000000015f0       0x68 C:/devkitPro/libnx/lib\libnx.a(gfx.o)
                0x00000000000015f0                gfxGetFramebuffer
 *fill*         0x0000000000001658        0x8 
 .text.gfxGetFramebufferResolution
                0x0000000000001660       0x2c C:/devkitPro/libnx/lib\libnx.a(gfx.o)
                0x0000000000001660                gfxGetFramebufferResolution
 *fill*         0x000000000000168c        0x4 
 .text.gfxSetMode
                0x0000000000001690        0xc C:/devkitPro/libnx/lib\libnx.a(gfx.o)
                0x0000000000001690                gfxSetMode
 *fill*         0x000000000000169c        0x4 
 .text.gfxFlushBuffers
                0x00000000000016a0      0x12c C:/devkitPro/libnx/lib\libnx.a(gfx.o)
                0x00000000000016a0                gfxFlushBuffers
 *fill*         0x00000000000017cc        0x4 
 .text.nvmapobjClose.part.0.constprop.3
                0x00000000000017d0       0x38 C:/devkitPro/libnx/lib\libnx.a(nvgfx.o)
 *fill*         0x0000000000001808        0x8 
 .text.nvgfxInitialize
                0x0000000000001810      0x1e8 C:/devkitPro/libnx/lib\libnx.a(nvgfx.o)
                0x0000000000001810                nvgfxInitialize
 *fill*         0x00000000000019f8        0x8 
 .text.nvgfxExit
                0x0000000000001a00       0x58 C:/devkitPro/libnx/lib\libnx.a(nvgfx.o)
                0x0000000000001a00                nvgfxExit
 *fill*         0x0000000000001a58        0x8 
 .text.nvgfxGetFramebuffer
                0x0000000000001a60       0x4c C:/devkitPro/libnx/lib\libnx.a(nvgfx.o)
                0x0000000000001a60                nvgfxGetFramebuffer
 *fill*         0x0000000000001aac        0x4 
 .text.consoleDrawChar
                0x0000000000001ab0       0x44 C:/devkitPro/libnx/lib\libnx.a(console.o)
 *fill*         0x0000000000001af4        0xc 
 .text.consoleClearLine
                0x0000000000001b00      0x140 C:/devkitPro/libnx/lib\libnx.a(console.o)
 .text.consoleNewRow
                0x0000000000001c40       0x4c C:/devkitPro/libnx/lib\libnx.a(console.o)
 *fill*         0x0000000000001c8c        0x4 
 .text.consolePrintChar
                0x0000000000001c90      0x118 C:/devkitPro/libnx/lib\libnx.a(console.o)
 *fill*         0x0000000000001da8        0x8 
 .text.consoleCls
                0x0000000000001db0      0x15c C:/devkitPro/libnx/lib\libnx.a(console.o)
 *fill*         0x0000000000001f0c        0x4 
 .text.con_write
                0x0000000000001f10      0x7e0 C:/devkitPro/libnx/lib\libnx.a(console.o)
 .text.consoleInit
                0x00000000000026f0      0x114 C:/devkitPro/libnx/lib\libnx.a(console.o)
                0x00000000000026f0                consoleInit
 *fill*         0x0000000000002804        0xc 
 .text.ConsoleSwRenderer_flushAndSwap
                0x0000000000002810       0x14 C:/devkitPro/libnx/lib\libnx.a(console_sw.o)
 *fill*         0x0000000000002824        0xc 
 .text.ConsoleSwRenderer_deinit
                0x0000000000002830        0x4 C:/devkitPro/libnx/lib\libnx.a(console_sw.o)
 *fill*         0x0000000000002834        0xc 
 .text.ConsoleSwRenderer_init
                0x0000000000002840       0xac C:/devkitPro/libnx/lib\libnx.a(console_sw.o)
 *fill*         0x00000000000028ec        0x4 
 .text.ConsoleSwRenderer_drawChar
                0x00000000000028f0      0x224 C:/devkitPro/libnx/lib\libnx.a(console_sw.o)
 *fill*         0x0000000000002b14        0xc 
 .text.ConsoleSwRenderer_scrollWindow
                0x0000000000002b20      0x158 C:/devkitPro/libnx/lib\libnx.a(console_sw.o)
 *fill*         0x0000000000002c78        0x8 
 .text.getDefaultConsoleRenderer
                0x0000000000002c80        0xc C:/devkitPro/libnx/lib\libnx.a(console_sw.o)
                0x0000000000002c80                getDefaultConsoleRenderer
 .text.armDCacheFlush
                0x0000000000002c8c       0x3c C:/devkitPro/libnx/lib\libnx.a(cache.o)
                0x0000000000002c8c                armDCacheFlush
 .text.svcSetHeapSize
                0x0000000000002cc8       0x14 C:/devkitPro/libnx/lib\libnx.a(svc.o)
                0x0000000000002cc8                svcSetHeapSize
 .text.svcUnmapMemory
                0x0000000000002cdc        0x8 C:/devkitPro/libnx/lib\libnx.a(svc.o)
                0x0000000000002cdc                svcUnmapMemory
 .text.svcQueryMemory
                0x0000000000002ce4       0x14 C:/devkitPro/libnx/lib\libnx.a(svc.o)
                0x0000000000002ce4                svcQueryMemory
 .text.svcExitProcess
                0x0000000000002cf8        0x8 C:/devkitPro/libnx/lib\libnx.a(svc.o)
                0x0000000000002cf8                svcExitProcess
 .text.svcSleepThread
                0x0000000000002d00        0x8 C:/devkitPro/libnx/lib\libnx.a(svc.o)
                0x0000000000002d00                svcSleepThread
 .text.svcMapSharedMemory
                0x0000000000002d08        0x8 C:/devkitPro/libnx/lib\libnx.a(svc.o)
                0x0000000000002d08                svcMapSharedMemory
 .text.svcUnmapSharedMemory
                0x0000000000002d10        0x8 C:/devkitPro/libnx/lib\libnx.a(svc.o)
                0x0000000000002d10                svcUnmapSharedMemory
 .text.svcCreateTransferMemory
                0x0000000000002d18       0x14 C:/devkitPro/libnx/lib\libnx.a(svc.o)
                0x0000000000002d18                svcCreateTransferMemory
 .text.svcCloseHandle
                0x0000000000002d2c        0x8 C:/devkitPro/libnx/lib\libnx.a(svc.o)
                0x0000000000002d2c                svcCloseHandle
 .text.svcResetSignal
                0x0000000000002d34        0x8 C:/devkitPro/libnx/lib\libnx.a(svc.o)
                0x0000000000002d34                svcResetSignal
 .text.svcWaitSynchronization
                0x0000000000002d3c       0x14 C:/devkitPro/libnx/lib\libnx.a(svc.o)
                0x0000000000002d3c                svcWaitSynchronization
 .text.svcArbitrateLock
                0x0000000000002d50        0x8 C:/devkitPro/libnx/lib\libnx.a(svc.o)
                0x0000000000002d50                svcArbitrateLock
 .text.svcArbitrateUnlock
                0x0000000000002d58        0x8 C:/devkitPro/libnx/lib\libnx.a(svc.o)
                0x0000000000002d58                svcArbitrateUnlock
 .text.svcConnectToNamedPort
                0x0000000000002d60       0x14 C:/devkitPro/libnx/lib\libnx.a(svc.o)
                0x0000000000002d60                svcConnectToNamedPort
 .text.svcSendSyncRequest
                0x0000000000002d74        0x8 C:/devkitPro/libnx/lib\libnx.a(svc.o)
                0x0000000000002d74                svcSendSyncRequest
 .text.svcBreak
                0x0000000000002d7c        0x8 C:/devkitPro/libnx/lib\libnx.a(svc.o)
                0x0000000000002d7c                svcBreak
 .text.svcGetInfo
                0x0000000000002d84       0x14 C:/devkitPro/libnx/lib\libnx.a(svc.o)
                0x0000000000002d84                svcGetInfo
 .text.svcUnmapTransferMemory
                0x0000000000002d98        0x8 C:/devkitPro/libnx/lib\libnx.a(svc.o)
                0x0000000000002d98                svcUnmapTransferMemory
 .text._CacheValues
                0x0000000000002da0      0x180 C:/devkitPro/libnx/lib\libnx.a(detect.o)
 .text.kernelAbove200
                0x0000000000002f20       0x1c C:/devkitPro/libnx/lib\libnx.a(detect.o)
                0x0000000000002f20                kernelAbove200
 *fill*         0x0000000000002f3c        0x4 
 .text.kernelAbove300
                0x0000000000002f40       0x1c C:/devkitPro/libnx/lib\libnx.a(detect.o)
                0x0000000000002f40                kernelAbove300
 *fill*         0x0000000000002f5c        0x4 
 .text.detectDebugger
                0x0000000000002f60       0x30 C:/devkitPro/libnx/lib\libnx.a(detect.o)
                0x0000000000002f60                detectDebugger
 .text.mutexLock
                0x0000000000002f90       0x8c C:/devkitPro/libnx/lib\libnx.a(mutex.o)
                0x0000000000002f90                mutexLock
 *fill*         0x000000000000301c        0x4 
 .text.mutexUnlock
                0x0000000000003020       0x30 C:/devkitPro/libnx/lib\libnx.a(mutex.o)
                0x0000000000003020                mutexUnlock
 .text.rmutexLock
                0x0000000000003050       0x4c C:/devkitPro/libnx/lib\libnx.a(mutex.o)
                0x0000000000003050                rmutexLock
 *fill*         0x000000000000309c        0x4 
 .text.rmutexUnlock
                0x00000000000030a0       0x1c C:/devkitPro/libnx/lib\libnx.a(mutex.o)
                0x00000000000030a0                rmutexUnlock
 *fill*         0x00000000000030bc        0x4 
 .text.eventLoadRemote
                0x00000000000030c0        0xc C:/devkitPro/libnx/lib\libnx.a(event.o)
                0x00000000000030c0                eventLoadRemote
 *fill*         0x00000000000030cc        0x4 
 .text.eventWait
                0x00000000000030d0      0x11c C:/devkitPro/libnx/lib\libnx.a(event.o)
                0x00000000000030d0                eventWait
 *fill*         0x00000000000031ec        0x4 
 .text.eventClose
                0x00000000000031f0       0x50 C:/devkitPro/libnx/lib\libnx.a(event.o)
                0x00000000000031f0                eventClose
 .text.ipcCloseObjectById
                0x0000000000003240       0x34 C:/devkitPro/libnx/lib\libnx.a(nv.o)
 *fill*         0x0000000000003274        0xc 
 .text.ipcQueryPointerBufferSize.constprop.10
                0x0000000000003280       0xc8 C:/devkitPro/libnx/lib\libnx.a(nv.o)
 *fill*         0x0000000000003348        0x8 
 .text.ipcCloneSession.constprop.9
                0x0000000000003350      0x10c C:/devkitPro/libnx/lib\libnx.a(nv.o)
 *fill*         0x000000000000345c        0x4 
 .text._nvSetClientPID
                0x0000000000003460       0xd8 C:/devkitPro/libnx/lib\libnx.a(nv.o)
 *fill*         0x0000000000003538        0x8 
 .text._nvInitialize.constprop.8
                0x0000000000003540       0xf0 C:/devkitPro/libnx/lib\libnx.a(nv.o)
 .text.nvExit   0x0000000000003630      0x108 C:/devkitPro/libnx/lib\libnx.a(nv.o)
                0x0000000000003630                nvExit
 *fill*         0x0000000000003738        0x8 
 .text.nvInitialize
                0x0000000000003740      0x178 C:/devkitPro/libnx/lib\libnx.a(nv.o)
                0x0000000000003740                nvInitialize
 *fill*         0x00000000000038b8        0x8 
 .text.nvConvertError
                0x00000000000038c0      0x12c C:/devkitPro/libnx/lib\libnx.a(nv.o)
                0x00000000000038c0                nvConvertError
 *fill*         0x00000000000039ec        0x4 
 .text.nvOpen   0x00000000000039f0      0x12c C:/devkitPro/libnx/lib\libnx.a(nv.o)
                0x00000000000039f0                nvOpen
 *fill*         0x0000000000003b1c        0x4 
 .text.nvIoctl  0x0000000000003b20      0x270 C:/devkitPro/libnx/lib\libnx.a(nv.o)
                0x0000000000003b20                nvIoctl
 .text.nvClose  0x0000000000003d90       0xdc C:/devkitPro/libnx/lib\libnx.a(nv.o)
                0x0000000000003d90                nvClose
 *fill*         0x0000000000003e6c        0x4 
 .text.nvQueryEvent
                0x0000000000003e70      0x15c C:/devkitPro/libnx/lib\libnx.a(nv.o)
                0x0000000000003e70                nvQueryEvent
 *fill*         0x0000000000003fcc        0x4 
 .text.ipcCloseObjectById
                0x0000000000003fd0       0x34 C:/devkitPro/libnx/lib\libnx.a(applet.o)
 *fill*         0x0000000000004004        0xc 
 .text._appletCmdNoIO
                0x0000000000004010       0xc4 C:/devkitPro/libnx/lib\libnx.a(applet.o)
 *fill*         0x00000000000040d4        0xc 
 .text._appletGetHandle
                0x00000000000040e0      0x124 C:/devkitPro/libnx/lib\libnx.a(applet.o)
 *fill*         0x0000000000004204        0xc 
 .text._appletReceiveMessage
                0x0000000000004210       0xec C:/devkitPro/libnx/lib\libnx.a(applet.o)
 *fill*         0x00000000000042fc        0x4 
 .text._appletGetOperationMode.constprop.17
                0x0000000000004300       0xe0 C:/devkitPro/libnx/lib\libnx.a(applet.o)
 .text._appletGetPerformanceMode.constprop.18
                0x00000000000043e0       0xe0 C:/devkitPro/libnx/lib\libnx.a(applet.o)
 .text._appletGetCurrentFocusState.constprop.19
                0x00000000000044c0       0xe0 C:/devkitPro/libnx/lib\libnx.a(applet.o)
 .text._appletAcquireForegroundRights
                0x00000000000045a0       0xcc C:/devkitPro/libnx/lib\libnx.a(applet.o)
 *fill*         0x000000000000466c        0x4 
 .text._appletSetPerformanceModeChangedNotification.constprop.21
                0x0000000000004670       0xd4 C:/devkitPro/libnx/lib\libnx.a(applet.o)
 *fill*         0x0000000000004744        0xc 
 .text._appletSetOutOfFocusSuspendingEnabled
                0x0000000000004750       0xd0 C:/devkitPro/libnx/lib\libnx.a(applet.o)
 .text._appletSetOperationModeChangedNotification.constprop.20
                0x0000000000004820       0xd4 C:/devkitPro/libnx/lib\libnx.a(applet.o)
 *fill*         0x00000000000048f4        0xc 
 .text._appletSetFocusHandlingMode
                0x0000000000004900       0xd8 C:/devkitPro/libnx/lib\libnx.a(applet.o)
 *fill*         0x00000000000049d8        0x8 
 .text._appletGetAppletResourceUserId.constprop.15
                0x00000000000049e0       0xe0 C:/devkitPro/libnx/lib\libnx.a(applet.o)
 .text._appletGetSessionProxy.constprop.14
                0x0000000000004ac0      0x13c C:/devkitPro/libnx/lib\libnx.a(applet.o)
 *fill*         0x0000000000004bfc        0x4 
 .text.appletGetAppletType
                0x0000000000004c00       0x10 C:/devkitPro/libnx/lib\libnx.a(applet.o)
                0x0000000000004c00                appletGetAppletType
 .text.appletHook
                0x0000000000004c10       0x28 C:/devkitPro/libnx/lib\libnx.a(applet.o)
                0x0000000000004c10                appletHook
 *fill*         0x0000000000004c38        0x8 
 .text.appletUnhook
                0x0000000000004c40       0x34 C:/devkitPro/libnx/lib\libnx.a(applet.o)
                0x0000000000004c40                appletUnhook
 *fill*         0x0000000000004c74        0xc 
 .text.appletGetAppletResourceUserId
                0x0000000000004c80       0x28 C:/devkitPro/libnx/lib\libnx.a(applet.o)
                0x0000000000004c80                appletGetAppletResourceUserId
 *fill*         0x0000000000004ca8        0x8 
 .text.appletNotifyRunning
                0x0000000000004cb0      0x120 C:/devkitPro/libnx/lib\libnx.a(applet.o)
                0x0000000000004cb0                appletNotifyRunning
 .text.appletSetGamePlayRecordingState
                0x0000000000004dd0      0x124 C:/devkitPro/libnx/lib\libnx.a(applet.o)
                0x0000000000004dd0                appletSetGamePlayRecordingState
 *fill*         0x0000000000004ef4        0xc 
 .text.appletExit
                0x0000000000004f00      0x6c0 C:/devkitPro/libnx/lib\libnx.a(applet.o)
                0x0000000000004f00                appletExit
 .text.appletInitialize
                0x00000000000055c0      0x594 C:/devkitPro/libnx/lib\libnx.a(applet.o)
                0x00000000000055c0                appletInitialize
 *fill*         0x0000000000005b54        0xc 
 .text._appletExitProcess
                0x0000000000005b60       0x10 C:/devkitPro/libnx/lib\libnx.a(applet.o)
 .text.appletCreateManagedDisplayLayer
                0x0000000000005b70       0xec C:/devkitPro/libnx/lib\libnx.a(applet.o)
                0x0000000000005b70                appletCreateManagedDisplayLayer
 *fill*         0x0000000000005c5c        0x4 
 .text.appletGetOperationMode
                0x0000000000005c60        0xc C:/devkitPro/libnx/lib\libnx.a(applet.o)
                0x0000000000005c60                appletGetOperationMode
 *fill*         0x0000000000005c6c        0x4 
 .text.ipcCloseObjectById
                0x0000000000005c70       0x34 C:/devkitPro/libnx/lib\libnx.a(vi.o)
 *fill*         0x0000000000005ca4        0xc 
 .text._viGetSession.constprop.7
                0x0000000000005cb0      0x134 C:/devkitPro/libnx/lib\libnx.a(vi.o)
 *fill*         0x0000000000005de4        0xc 
 .text.viExit   0x0000000000005df0      0x1e4 C:/devkitPro/libnx/lib\libnx.a(vi.o)
                0x0000000000005df0                viExit
 *fill*         0x0000000000005fd4        0xc 
 .text.viInitialize
                0x0000000000005fe0      0x304 C:/devkitPro/libnx/lib\libnx.a(vi.o)
                0x0000000000005fe0                viInitialize
 *fill*         0x00000000000062e4        0xc 
 .text.viGetSession_IHOSBinderDriverRelay
                0x00000000000062f0        0xc C:/devkitPro/libnx/lib\libnx.a(vi.o)
                0x00000000000062f0                viGetSession_IHOSBinderDriverRelay
 *fill*         0x00000000000062fc        0x4 
 .text.viOpenDisplay
                0x0000000000006300      0x140 C:/devkitPro/libnx/lib\libnx.a(vi.o)
                0x0000000000006300                viOpenDisplay
 .text.viCloseDisplay
                0x0000000000006440      0x104 C:/devkitPro/libnx/lib\libnx.a(vi.o)
                0x0000000000006440                viCloseDisplay
 *fill*         0x0000000000006544        0xc 
 .text.viGetDisplayVsyncEvent
                0x0000000000006550      0x13c C:/devkitPro/libnx/lib\libnx.a(vi.o)
                0x0000000000006550                viGetDisplayVsyncEvent
 *fill*         0x000000000000668c        0x4 
 .text.viCloseLayer
                0x0000000000006690      0x104 C:/devkitPro/libnx/lib\libnx.a(vi.o)
                0x0000000000006690                viCloseLayer
 *fill*         0x0000000000006794        0xc 
 .text.viCreateLayer
                0x00000000000067a0      0x320 C:/devkitPro/libnx/lib\libnx.a(vi.o)
                0x00000000000067a0                viCreateLayer
 .text.viSetLayerScalingMode
                0x0000000000006ac0       0xe8 C:/devkitPro/libnx/lib\libnx.a(vi.o)
                0x0000000000006ac0                viSetLayerScalingMode
 *fill*         0x0000000000006ba8        0x8 
 .text.ipcCloseObjectById
                0x0000000000006bb0       0x34 C:/devkitPro/libnx/lib\libnx.a(apm.o)
 *fill*         0x0000000000006be4        0xc 
 .text._apmGetSession.constprop.4
                0x0000000000006bf0      0x124 C:/devkitPro/libnx/lib\libnx.a(apm.o)
 *fill*         0x0000000000006d14        0xc 
 .text.apmExit  0x0000000000006d20       0xf0 C:/devkitPro/libnx/lib\libnx.a(apm.o)
                0x0000000000006d20                apmExit
 .text.apmInitialize
                0x0000000000006e10       0x8c C:/devkitPro/libnx/lib\libnx.a(apm.o)
                0x0000000000006e10                apmInitialize
 *fill*         0x0000000000006e9c        0x4 
 .text.apmSetPerformanceConfiguration
                0x0000000000006ea0       0xcc C:/devkitPro/libnx/lib\libnx.a(apm.o)
                0x0000000000006ea0                apmSetPerformanceConfiguration
 *fill*         0x0000000000006f6c        0x4 
 .text._nvFenceEventWaitCommon
                0x0000000000006f70       0x60 C:/devkitPro/libnx/lib\libnx.a(fence.o)
 .text.nvFenceInit
                0x0000000000006fd0       0x5c C:/devkitPro/libnx/lib\libnx.a(fence.o)
                0x0000000000006fd0                nvFenceInit
 *fill*         0x000000000000702c        0x4 
 .text.nvFenceExit
                0x0000000000007030       0x98 C:/devkitPro/libnx/lib\libnx.a(fence.o)
                0x0000000000007030                nvFenceExit
 *fill*         0x00000000000070c8        0x8 
 .text.nvFenceWait
                0x00000000000070d0      0x1e0 C:/devkitPro/libnx/lib\libnx.a(fence.o)
                0x00000000000070d0                nvFenceWait
 .text.nvMultiFenceWait
                0x00000000000072b0       0x7c C:/devkitPro/libnx/lib\libnx.a(fence.o)
                0x00000000000072b0                nvMultiFenceWait
 *fill*         0x000000000000732c        0x4 
 .text.nvioctlNvhostCtrl_EventSignal
                0x0000000000007330       0x24 C:/devkitPro/libnx/lib\libnx.a(nvhost-ctrl.o)
                0x0000000000007330                nvioctlNvhostCtrl_EventSignal
 *fill*         0x0000000000007354        0xc 
 .text.nvioctlNvhostCtrl_EventWait
                0x0000000000007360       0x3c C:/devkitPro/libnx/lib\libnx.a(nvhost-ctrl.o)
                0x0000000000007360                nvioctlNvhostCtrl_EventWait
 *fill*         0x000000000000739c        0x4 
 .text.nvioctlNvhostCtrl_EventWaitAsync
                0x00000000000073a0       0x28 C:/devkitPro/libnx/lib\libnx.a(nvhost-ctrl.o)
                0x00000000000073a0                nvioctlNvhostCtrl_EventWaitAsync
 *fill*         0x00000000000073c8        0x8 
 .text.nvioctlNvhostCtrl_EventRegister
                0x00000000000073d0       0x24 C:/devkitPro/libnx/lib\libnx.a(nvhost-ctrl.o)
                0x00000000000073d0                nvioctlNvhostCtrl_EventRegister
 *fill*         0x00000000000073f4        0xc 
 .text.nvioctlNvhostCtrl_EventUnregister
                0x0000000000007400       0x24 C:/devkitPro/libnx/lib\libnx.a(nvhost-ctrl.o)
                0x0000000000007400                nvioctlNvhostCtrl_EventUnregister
 *fill*         0x0000000000007424        0xc 
 .text.nvioctlNvmap_Create
                0x0000000000007430       0x3c C:/devkitPro/libnx/lib\libnx.a(nvmap.o)
                0x0000000000007430                nvioctlNvmap_Create
 *fill*         0x000000000000746c        0x4 
 .text.nvioctlNvmap_Alloc
                0x0000000000007470       0x30 C:/devkitPro/libnx/lib\libnx.a(nvmap.o)
                0x0000000000007470                nvioctlNvmap_Alloc
 .text.nvioctlNvmap_GetId
                0x00000000000074a0       0x3c C:/devkitPro/libnx/lib\libnx.a(nvmap.o)
                0x00000000000074a0                nvioctlNvmap_GetId
 *fill*         0x00000000000074dc        0x4 
 .text.bqRequestBuffer
                0x00000000000074e0       0xf0 C:/devkitPro/libnx/lib\libnx.a(buffer_producer.o)
                0x00000000000074e0                bqRequestBuffer
 .text.bqDequeueBuffer
                0x00000000000075d0      0x154 C:/devkitPro/libnx/lib\libnx.a(buffer_producer.o)
                0x00000000000075d0                bqDequeueBuffer
 *fill*         0x0000000000007724        0xc 
 .text.bqDetachBuffer
                0x0000000000007730       0x9c C:/devkitPro/libnx/lib\libnx.a(buffer_producer.o)
                0x0000000000007730                bqDetachBuffer
 *fill*         0x00000000000077cc        0x4 
 .text.bqQueueBuffer
                0x00000000000077d0       0xe0 C:/devkitPro/libnx/lib\libnx.a(buffer_producer.o)
                0x00000000000077d0                bqQueueBuffer
 .text.bqCancelBuffer
                0x00000000000078b0       0x90 C:/devkitPro/libnx/lib\libnx.a(buffer_producer.o)
                0x00000000000078b0                bqCancelBuffer
 .text.bqConnect
                0x0000000000007940       0xe4 C:/devkitPro/libnx/lib\libnx.a(buffer_producer.o)
                0x0000000000007940                bqConnect
 *fill*         0x0000000000007a24        0xc 
 .text.bqDisconnect
                0x0000000000007a30       0x9c C:/devkitPro/libnx/lib\libnx.a(buffer_producer.o)
                0x0000000000007a30                bqDisconnect
 *fill*         0x0000000000007acc        0x4 
 .text.bqSetPreallocatedBuffer
                0x0000000000007ad0       0xb4 C:/devkitPro/libnx/lib\libnx.a(buffer_producer.o)
                0x0000000000007ad0                bqSetPreallocatedBuffer
 *fill*         0x0000000000007b84        0xc 
 .text._binderTransactParcelAuto
                0x0000000000007b90      0x248 C:/devkitPro/libnx/lib\libnx.a(binder.o)
 *fill*         0x0000000000007dd8        0x8 
 .text.ipcQueryPointerBufferSize
                0x0000000000007de0       0xc8 C:/devkitPro/libnx/lib\libnx.a(binder.o)
 *fill*         0x0000000000007ea8        0x8 
 .text._binderTransactParcel
                0x0000000000007eb0      0x138 C:/devkitPro/libnx/lib\libnx.a(binder.o)
 *fill*         0x0000000000007fe8        0x8 
 .text.binderCreate
                0x0000000000007ff0       0x14 C:/devkitPro/libnx/lib\libnx.a(binder.o)
                0x0000000000007ff0                binderCreate
 *fill*         0x0000000000008004        0xc 
 .text.binderTransactParcel
                0x0000000000008010       0x10 C:/devkitPro/libnx/lib\libnx.a(binder.o)
                0x0000000000008010                binderTransactParcel
 .text.binderConvertErrorCode
                0x0000000000008020      0x124 C:/devkitPro/libnx/lib\libnx.a(binder.o)
                0x0000000000008020                binderConvertErrorCode
 *fill*         0x0000000000008144        0xc 
 .text.binderAdjustRefcount
                0x0000000000008150       0xe8 C:/devkitPro/libnx/lib\libnx.a(binder.o)
                0x0000000000008150                binderAdjustRefcount
 *fill*         0x0000000000008238        0x8 
 .text.binderClose
                0x0000000000008240       0x74 C:/devkitPro/libnx/lib\libnx.a(binder.o)
                0x0000000000008240                binderClose
 *fill*         0x00000000000082b4        0xc 
 .text.binderInitSession
                0x00000000000082c0       0xc4 C:/devkitPro/libnx/lib\libnx.a(binder.o)
                0x00000000000082c0                binderInitSession
 *fill*         0x0000000000008384        0xc 
 .text.binderGetNativeHandle
                0x0000000000008390      0x144 C:/devkitPro/libnx/lib\libnx.a(binder.o)
                0x0000000000008390                binderGetNativeHandle
 *fill*         0x00000000000084d4        0xc 
 .text.parcelCreate
                0x00000000000084e0       0x28 C:/devkitPro/libnx/lib\libnx.a(parcel.o)
                0x00000000000084e0                parcelCreate
 *fill*         0x0000000000008508        0x8 
 .text.parcelTransact
                0x0000000000008510      0x19c C:/devkitPro/libnx/lib\libnx.a(parcel.o)
                0x0000000000008510                parcelTransact
 *fill*         0x00000000000086ac        0x4 
 .text.parcelWriteData
                0x00000000000086b0       0x88 C:/devkitPro/libnx/lib\libnx.a(parcel.o)
                0x00000000000086b0                parcelWriteData
 *fill*         0x0000000000008738        0x8 
 .text.parcelReadData
                0x0000000000008740       0x98 C:/devkitPro/libnx/lib\libnx.a(parcel.o)
                0x0000000000008740                parcelReadData
 *fill*         0x00000000000087d8        0x8 
 .text.parcelWriteInt32
                0x00000000000087e0       0x20 C:/devkitPro/libnx/lib\libnx.a(parcel.o)
                0x00000000000087e0                parcelWriteInt32
 .text.parcelWriteUInt32
                0x0000000000008800       0x20 C:/devkitPro/libnx/lib\libnx.a(parcel.o)
                0x0000000000008800                parcelWriteUInt32
 .text.parcelWriteString16
                0x0000000000008820       0x80 C:/devkitPro/libnx/lib\libnx.a(parcel.o)
                0x0000000000008820                parcelWriteString16
 .text.parcelWriteInterfaceToken
                0x00000000000088a0       0x30 C:/devkitPro/libnx/lib\libnx.a(parcel.o)
                0x00000000000088a0                parcelWriteInterfaceToken
 .text.parcelReadInt32
                0x00000000000088d0       0x24 C:/devkitPro/libnx/lib\libnx.a(parcel.o)
                0x00000000000088d0                parcelReadInt32
 *fill*         0x00000000000088f4        0xc 
 .text.parcelReadFlattenedObject
                0x0000000000008900       0x68 C:/devkitPro/libnx/lib\libnx.a(parcel.o)
                0x0000000000008900                parcelReadFlattenedObject
 *fill*         0x0000000000008968        0x8 
 .text.parcelWriteFlattenedObject
                0x0000000000008970       0x44 C:/devkitPro/libnx/lib\libnx.a(parcel.o)
                0x0000000000008970                parcelWriteFlattenedObject
 *fill*         0x00000000000089b4        0xc 
 .text.__nx_dynamic
                0x00000000000089c0       0xa0 C:/devkitPro/libnx/lib\libnx.a(dynamic.o)
                0x00000000000089c0                __nx_dynamic
 .text.__libnx_initheap
                0x0000000000008a60       0xd8 C:/devkitPro/libnx/lib\libnx.a(init.o)
                0x0000000000008a60                __libnx_initheap
 *fill*         0x0000000000008b38        0x8 
 .text.__appInit
                0x0000000000008b40       0x90 C:/devkitPro/libnx/lib\libnx.a(init.o)
                0x0000000000008b40                __appInit
 .text.__appExit
                0x0000000000008bd0       0x34 C:/devkitPro/libnx/lib\libnx.a(init.o)
                0x0000000000008bd0                __appExit
 *fill*         0x0000000000008c04        0xc 
 .text.__libnx_init
                0x0000000000008c10       0x28 C:/devkitPro/libnx/lib\libnx.a(init.o)
                0x0000000000008c10                __libnx_init
 *fill*         0x0000000000008c38        0x8 
 .text.__libnx_exit
                0x0000000000008c40       0x20 C:/devkitPro/libnx/lib\libnx.a(init.o)
                0x0000000000008c40                __libnx_exit
 .text.envSetup
                0x0000000000008c60      0x208 C:/devkitPro/libnx/lib\libnx.a(env.o)
                0x0000000000008c60                envSetup
 *fill*         0x0000000000008e68        0x8 
 .text.envGetMainThreadHandle
                0x0000000000008e70       0x20 C:/devkitPro/libnx/lib\libnx.a(env.o)
                0x0000000000008e70                envGetMainThreadHandle
 .text.envIsNso
                0x0000000000008e90        0xc C:/devkitPro/libnx/lib\libnx.a(env.o)
                0x0000000000008e90                envIsNso
 *fill*         0x0000000000008e9c        0x4 
 .text.envHasHeapOverride
                0x0000000000008ea0       0x14 C:/devkitPro/libnx/lib\libnx.a(env.o)
                0x0000000000008ea0                envHasHeapOverride
 *fill*         0x0000000000008eb4        0xc 
 .text.envGetHeapOverrideAddr
                0x0000000000008ec0        0xc C:/devkitPro/libnx/lib\libnx.a(env.o)
                0x0000000000008ec0                envGetHeapOverrideAddr
 *fill*         0x0000000000008ecc        0x4 
 .text.envGetHeapOverrideSize
                0x0000000000008ed0        0xc C:/devkitPro/libnx/lib\libnx.a(env.o)
                0x0000000000008ed0                envGetHeapOverrideSize
 *fill*         0x0000000000008edc        0x4 
 .text.envHasArgv
                0x0000000000008ee0       0x14 C:/devkitPro/libnx/lib\libnx.a(env.o)
                0x0000000000008ee0                envHasArgv
 *fill*         0x0000000000008ef4        0xc 
 .text.envGetArgv
                0x0000000000008f00        0xc C:/devkitPro/libnx/lib\libnx.a(env.o)
                0x0000000000008f00                envGetArgv
 *fill*         0x0000000000008f0c        0x4 
 .text.envGetExitFuncPtr
                0x0000000000008f10        0xc C:/devkitPro/libnx/lib\libnx.a(env.o)
                0x0000000000008f10                envGetExitFuncPtr
 *fill*         0x0000000000008f1c        0x4 
 .text.envSetExitFuncPtr
                0x0000000000008f20        0xc C:/devkitPro/libnx/lib\libnx.a(env.o)
                0x0000000000008f20                envSetExitFuncPtr
 *fill*         0x0000000000008f2c        0x4 
 .text.mutexInit
                0x0000000000008f30        0x8 C:/devkitPro/libnx/lib\libnx.a(newlib.o)
 *fill*         0x0000000000008f38        0x8 
 .text.rmutexInit
                0x0000000000008f40        0xc C:/devkitPro/libnx/lib\libnx.a(newlib.o)
 *fill*         0x0000000000008f4c        0x4 
 .text.__libnx_gtod
                0x0000000000008f50       0x8c C:/devkitPro/libnx/lib\libnx.a(newlib.o)
                0x0000000000008f50                __libnx_gtod
 *fill*         0x0000000000008fdc        0x4 
 .text.__libnx_clock_settime
                0x0000000000008fe0       0x20 C:/devkitPro/libnx/lib\libnx.a(newlib.o)
                0x0000000000008fe0                __libnx_clock_settime
 .text.__libnx_nanosleep
                0x0000000000009000       0x28 C:/devkitPro/libnx/lib\libnx.a(newlib.o)
                0x0000000000009000                __libnx_nanosleep
 *fill*         0x0000000000009028        0x8 
 .text.__libnx_get_reent
                0x0000000000009030       0x34 C:/devkitPro/libnx/lib\libnx.a(newlib.o)
 *fill*         0x0000000000009064        0xc 
 .text.__libnx_clock_gettime
                0x0000000000009070       0xf8 C:/devkitPro/libnx/lib\libnx.a(newlib.o)
                0x0000000000009070                __libnx_clock_gettime
 *fill*         0x0000000000009168        0x8 
 .text.__libnx_clock_getres
                0x0000000000009170       0x58 C:/devkitPro/libnx/lib\libnx.a(newlib.o)
                0x0000000000009170                __libnx_clock_getres
 *fill*         0x00000000000091c8        0x8 
 .text.__libnx_init_time
                0x00000000000091d0      0x27c C:/devkitPro/libnx/lib\libnx.a(newlib.o)
                0x00000000000091d0                __libnx_init_time
 *fill*         0x000000000000944c        0x4 
 .text.newlibSetup
                0x0000000000009450      0x118 C:/devkitPro/libnx/lib\libnx.a(newlib.o)
                0x0000000000009450                newlibSetup
 *fill*         0x0000000000009568        0x8 
 .text.argvSetup
                0x0000000000009570      0x368 C:/devkitPro/libnx/lib\libnx.a(argv.o)
                0x0000000000009570                argvSetup
 *fill*         0x00000000000098d8        0x8 
 .text.fsdev_link
                0x00000000000098e0       0x10 C:/devkitPro/libnx/lib\libnx.a(fs_dev.o)
 .text.fsdev_dirreset
                0x00000000000098f0       0x10 C:/devkitPro/libnx/lib\libnx.a(fs_dev.o)
 .text.fsdev_chmod
                0x0000000000009900       0x10 C:/devkitPro/libnx/lib\libnx.a(fs_dev.o)
 .text.error_cmp
                0x0000000000009910       0x1c C:/devkitPro/libnx/lib\libnx.a(fs_dev.o)
 *fill*         0x000000000000992c        0x4 
 .text.fsdev_translate_error
                0x0000000000009930       0x58 C:/devkitPro/libnx/lib\libnx.a(fs_dev.o)
 *fill*         0x0000000000009988        0x8 
 .text.fsdev_fsync
                0x0000000000009990       0x40 C:/devkitPro/libnx/lib\libnx.a(fs_dev.o)
 .text.fsdev_ftruncate
                0x00000000000099d0       0x60 C:/devkitPro/libnx/lib\libnx.a(fs_dev.o)
 .text.fsdev_dirclose
                0x0000000000009a30       0x20 C:/devkitPro/libnx/lib\libnx.a(fs_dev.o)
 .text.fsdev_dirnext
                0x0000000000009a50      0x16c C:/devkitPro/libnx/lib\libnx.a(fs_dev.o)
 *fill*         0x0000000000009bbc        0x4 
 .text.fsdev_close
                0x0000000000009bc0       0x1c C:/devkitPro/libnx/lib\libnx.a(fs_dev.o)
 *fill*         0x0000000000009bdc        0x4 
 .text.fsdev_fstat
                0x0000000000009be0       0x80 C:/devkitPro/libnx/lib\libnx.a(fs_dev.o)
 .text.fsdev_seek
                0x0000000000009c60       0xb0 C:/devkitPro/libnx/lib\libnx.a(fs_dev.o)
 .text.fsdev_read
                0x0000000000009d10      0x198 C:/devkitPro/libnx/lib\libnx.a(fs_dev.o)
 *fill*         0x0000000000009ea8        0x8 
 .text.fsdev_write
                0x0000000000009eb0      0x1a0 C:/devkitPro/libnx/lib\libnx.a(fs_dev.o)
 .text.fsdevFindDevice
                0x000000000000a050      0x120 C:/devkitPro/libnx/lib\libnx.a(fs_dev.o)
 .text._fsdevMountDevice
                0x000000000000a170      0x168 C:/devkitPro/libnx/lib\libnx.a(fs_dev.o)
 *fill*         0x000000000000a2d8        0x8 
 .text.fsdev_getfspath
                0x000000000000a2e0      0x1fc C:/devkitPro/libnx/lib\libnx.a(fs_dev.o)
 *fill*         0x000000000000a4dc        0x4 
 .text.fsdev_rmdir
                0x000000000000a4e0       0x70 C:/devkitPro/libnx/lib\libnx.a(fs_dev.o)
 .text.fsdev_statvfs
                0x000000000000a550       0xd4 C:/devkitPro/libnx/lib\libnx.a(fs_dev.o)
 *fill*         0x000000000000a624        0xc 
 .text.fsdev_diropen
                0x000000000000a630       0xec C:/devkitPro/libnx/lib\libnx.a(fs_dev.o)
 *fill*         0x000000000000a71c        0x4 
 .text.fsdev_mkdir
                0x000000000000a720       0x70 C:/devkitPro/libnx/lib\libnx.a(fs_dev.o)
 .text.fsdev_rename
                0x000000000000a790      0x114 C:/devkitPro/libnx/lib\libnx.a(fs_dev.o)
 *fill*         0x000000000000a8a4        0xc 
 .text.fsdev_chdir
                0x000000000000a8b0       0xe8 C:/devkitPro/libnx/lib\libnx.a(fs_dev.o)
 *fill*         0x000000000000a998        0x8 
 .text.fsdev_unlink
                0x000000000000a9a0       0x70 C:/devkitPro/libnx/lib\libnx.a(fs_dev.o)
 .text.fsdev_stat
                0x000000000000aa10      0x168 C:/devkitPro/libnx/lib\libnx.a(fs_dev.o)
 *fill*         0x000000000000ab78        0x8 
 .text.fsdev_open
                0x000000000000ab80      0x180 C:/devkitPro/libnx/lib\libnx.a(fs_dev.o)
 .text._fsdevUnmountDeviceStruct.part.4
                0x000000000000ad00       0xb8 C:/devkitPro/libnx/lib\libnx.a(fs_dev.o)
 *fill*         0x000000000000adb8        0x8 
 .text.fsdev_fchmod
                0x000000000000adc0       0x10 C:/devkitPro/libnx/lib\libnx.a(fs_dev.o)
 .text.fsdevMountSdmc
                0x000000000000add0      0x158 C:/devkitPro/libnx/lib\libnx.a(fs_dev.o)
                0x000000000000add0                fsdevMountSdmc
 *fill*         0x000000000000af28        0x8 
 .text.fsdevUnmountAll
                0x000000000000af30       0x64 C:/devkitPro/libnx/lib\libnx.a(fs_dev.o)
                0x000000000000af30                fsdevUnmountAll
 *fill*         0x000000000000af94        0xc 
 .text.decode_utf8
                0x000000000000afa0      0x12c C:/devkitPro/libnx/lib\libnx.a(decode_utf8.o)
                0x000000000000afa0                decode_utf8
 .text.__aarch64_read_tp
                0x000000000000b0cc        0xc C:/devkitPro/libnx/lib\libnx.a(readtp.o)
                0x000000000000b0cc                __aarch64_read_tp
 *fill*         0x000000000000b0d8        0x8 
 .text.tmemCreate
                0x000000000000b0e0       0xa8 C:/devkitPro/libnx/lib\libnx.a(tmem.o)
                0x000000000000b0e0                tmemCreate
 *fill*         0x000000000000b188        0x8 
 .text.tmemUnmap
                0x000000000000b190       0x58 C:/devkitPro/libnx/lib\libnx.a(tmem.o)
                0x000000000000b190                tmemUnmap
 *fill*         0x000000000000b1e8        0x8 
 .text.tmemClose
                0x000000000000b1f0       0x68 C:/devkitPro/libnx/lib\libnx.a(tmem.o)
                0x000000000000b1f0                tmemClose
 *fill*         0x000000000000b258        0x8 
 .text._GetRegionFromInfo.isra.1
                0x000000000000b260       0x7c C:/devkitPro/libnx/lib\libnx.a(virtmem.o)
 *fill*         0x000000000000b2dc        0x4 
 .text.virtmemSetup
                0x000000000000b2e0      0x114 C:/devkitPro/libnx/lib\libnx.a(virtmem.o)
                0x000000000000b2e0                virtmemSetup
 *fill*         0x000000000000b3f4        0xc 
 .text.virtmemReserve
                0x000000000000b400      0x13c C:/devkitPro/libnx/lib\libnx.a(virtmem.o)
                0x000000000000b400                virtmemReserve
 *fill*         0x000000000000b53c        0x4 
 .text.virtmemFree
                0x000000000000b540        0x4 C:/devkitPro/libnx/lib\libnx.a(virtmem.o)
                0x000000000000b540                virtmemFree
 *fill*         0x000000000000b544        0xc 
 .text.ipcCloseObjectById
                0x000000000000b550       0x34 C:/devkitPro/libnx/lib\libnx.a(time.o)
 *fill*         0x000000000000b584        0xc 
 .text._timeGetSession
                0x000000000000b590      0x12c C:/devkitPro/libnx/lib\libnx.a(time.o)
 *fill*         0x000000000000b6bc        0x4 
 .text.timeExit
                0x000000000000b6c0      0x1ec C:/devkitPro/libnx/lib\libnx.a(time.o)
                0x000000000000b6c0                timeExit
 *fill*         0x000000000000b8ac        0x4 
 .text.timeInitialize
                0x000000000000b8b0       0xd8 C:/devkitPro/libnx/lib\libnx.a(time.o)
                0x000000000000b8b0                timeInitialize
 *fill*         0x000000000000b988        0x8 
 .text.timeGetCurrentTime
                0x000000000000b990      0x124 C:/devkitPro/libnx/lib\libnx.a(time.o)
                0x000000000000b990                timeGetCurrentTime
 *fill*         0x000000000000bab4        0xc 
 .text.timeToCalendarTimeWithMyRule
                0x000000000000bac0      0x118 C:/devkitPro/libnx/lib\libnx.a(time.o)
                0x000000000000bac0                timeToCalendarTimeWithMyRule
 *fill*         0x000000000000bbd8        0x8 
 .text.ipcCloseObjectById
                0x000000000000bbe0       0x34 C:/devkitPro/libnx/lib\libnx.a(hid.o)
 *fill*         0x000000000000bc14        0xc 
 .text._hidGetSharedMemoryHandle.constprop.11
                0x000000000000bc20      0x124 C:/devkitPro/libnx/lib\libnx.a(hid.o)
 *fill*         0x000000000000bd44        0xc 
 .text._hidCreateAppletResource.constprop.10
                0x000000000000bd50      0x134 C:/devkitPro/libnx/lib\libnx.a(hid.o)
 *fill*         0x000000000000be84        0xc 
 .text._hidCmdWithNoInput
                0x000000000000be90      0x100 C:/devkitPro/libnx/lib\libnx.a(hid.o)
 .text._hidCmdWithInputU32
                0x000000000000bf90      0x10c C:/devkitPro/libnx/lib\libnx.a(hid.o)
 *fill*         0x000000000000c09c        0x4 
 .text.hidReset
                0x000000000000c0a0      0x1d0 C:/devkitPro/libnx/lib\libnx.a(hid.o)
                0x000000000000c0a0                hidReset
 .text.hidSetSupportedNpadIdType
                0x000000000000c270      0x198 C:/devkitPro/libnx/lib\libnx.a(hid.o)
                0x000000000000c270                hidSetSupportedNpadIdType
 *fill*         0x000000000000c408        0x8 
 .text.hidSetSupportedNpadStyleSet
                0x000000000000c410        0xc C:/devkitPro/libnx/lib\libnx.a(hid.o)
                0x000000000000c410                hidSetSupportedNpadStyleSet
 *fill*         0x000000000000c41c        0x4 
 .text.hidSetNpadJoyAssignmentModeDual
                0x000000000000c420        0xc C:/devkitPro/libnx/lib\libnx.a(hid.o)
                0x000000000000c420                hidSetNpadJoyAssignmentModeDual
 *fill*         0x000000000000c42c        0x4 
 .text.hidExit  0x000000000000c430      0x130 C:/devkitPro/libnx/lib\libnx.a(hid.o)
                0x000000000000c430                hidExit
 .text.hidInitialize
                0x000000000000c560      0x15c C:/devkitPro/libnx/lib\libnx.a(hid.o)
                0x000000000000c560                hidInitialize
 *fill*         0x000000000000c6bc        0x4 
 .text.ipcPrepareHeader
                0x000000000000c6c0      0x220 C:/devkitPro/libnx/lib\libnx.a(fs.o)
 .text.ipcParse
                0x000000000000c8e0      0x22c C:/devkitPro/libnx/lib\libnx.a(fs.o)
 *fill*         0x000000000000cb0c        0x4 
 .text.serviceIpcParse
                0x000000000000cb10       0xb8 C:/devkitPro/libnx/lib\libnx.a(fs.o)
 *fill*         0x000000000000cbc8        0x8 
 .text.ipcCloseObjectById
                0x000000000000cbd0       0x34 C:/devkitPro/libnx/lib\libnx.a(fs.o)
 *fill*         0x000000000000cc04        0xc 
 .text.fsInitialize
                0x000000000000cc10      0x200 C:/devkitPro/libnx/lib\libnx.a(fs.o)
                0x000000000000cc10                fsInitialize
 .text.fsExit   0x000000000000ce10       0x9c C:/devkitPro/libnx/lib\libnx.a(fs.o)
                0x000000000000ce10                fsExit
 *fill*         0x000000000000ceac        0x4 
 .text.fsMountSdcard
                0x000000000000ceb0      0x134 C:/devkitPro/libnx/lib\libnx.a(fs.o)
                0x000000000000ceb0                fsMountSdcard
 *fill*         0x000000000000cfe4        0xc 
 .text.fsFsCreateFile
                0x000000000000cff0      0x120 C:/devkitPro/libnx/lib\libnx.a(fs.o)
                0x000000000000cff0                fsFsCreateFile
 .text.fsFsDeleteFile
                0x000000000000d110      0x19c C:/devkitPro/libnx/lib\libnx.a(fs.o)
                0x000000000000d110                fsFsDeleteFile
 *fill*         0x000000000000d2ac        0x4 
 .text.fsFsCreateDirectory
                0x000000000000d2b0      0x1a4 C:/devkitPro/libnx/lib\libnx.a(fs.o)
                0x000000000000d2b0                fsFsCreateDirectory
 *fill*         0x000000000000d454        0xc 
 .text.fsFsDeleteDirectory
                0x000000000000d460      0x1a4 C:/devkitPro/libnx/lib\libnx.a(fs.o)
                0x000000000000d460                fsFsDeleteDirectory
 *fill*         0x000000000000d604        0xc 
 .text.fsFsRenameFile
                0x000000000000d610      0x190 C:/devkitPro/libnx/lib\libnx.a(fs.o)
                0x000000000000d610                fsFsRenameFile
 .text.fsFsRenameDirectory
                0x000000000000d7a0      0x190 C:/devkitPro/libnx/lib\libnx.a(fs.o)
                0x000000000000d7a0                fsFsRenameDirectory
 .text.fsFsGetEntryType
                0x000000000000d930      0x12c C:/devkitPro/libnx/lib\libnx.a(fs.o)
                0x000000000000d930                fsFsGetEntryType
 *fill*         0x000000000000da5c        0x4 
 .text.fsFsOpenFile
                0x000000000000da60      0x150 C:/devkitPro/libnx/lib\libnx.a(fs.o)
                0x000000000000da60                fsFsOpenFile
 .text.fsFsOpenDirectory
                0x000000000000dbb0      0x150 C:/devkitPro/libnx/lib\libnx.a(fs.o)
                0x000000000000dbb0                fsFsOpenDirectory
 .text.fsFsGetFreeSpace
                0x000000000000dd00      0x12c C:/devkitPro/libnx/lib\libnx.a(fs.o)
                0x000000000000dd00                fsFsGetFreeSpace
 *fill*         0x000000000000de2c        0x4 
 .text.fsFsGetTotalSpace
                0x000000000000de30      0x12c C:/devkitPro/libnx/lib\libnx.a(fs.o)
                0x000000000000de30                fsFsGetTotalSpace
 *fill*         0x000000000000df5c        0x4 
 .text.fsFsClose
                0x000000000000df60       0x6c C:/devkitPro/libnx/lib\libnx.a(fs.o)
                0x000000000000df60                fsFsClose
 *fill*         0x000000000000dfcc        0x4 
 .text.fsFileRead
                0x000000000000dfd0      0x138 C:/devkitPro/libnx/lib\libnx.a(fs.o)
                0x000000000000dfd0                fsFileRead
 *fill*         0x000000000000e108        0x8 
 .text.fsFileWrite
                0x000000000000e110      0x10c C:/devkitPro/libnx/lib\libnx.a(fs.o)
                0x000000000000e110                fsFileWrite
 *fill*         0x000000000000e21c        0x4 
 .text.fsFileFlush
                0x000000000000e220      0x174 C:/devkitPro/libnx/lib\libnx.a(fs.o)
                0x000000000000e220                fsFileFlush
 *fill*         0x000000000000e394        0xc 
 .text.fsFileSetSize
                0x000000000000e3a0      0x17c C:/devkitPro/libnx/lib\libnx.a(fs.o)
                0x000000000000e3a0                fsFileSetSize
 *fill*         0x000000000000e51c        0x4 
 .text.fsFileGetSize
                0x000000000000e520      0x100 C:/devkitPro/libnx/lib\libnx.a(fs.o)
                0x000000000000e520                fsFileGetSize
 .text.fsFileClose
                0x000000000000e620       0x6c C:/devkitPro/libnx/lib\libnx.a(fs.o)
                0x000000000000e620                fsFileClose
 *fill*         0x000000000000e68c        0x4 
 .text.fsDirClose
                0x000000000000e690       0x6c C:/devkitPro/libnx/lib\libnx.a(fs.o)
                0x000000000000e690                fsDirClose
 *fill*         0x000000000000e6fc        0x4 
 .text.fsDirRead
                0x000000000000e700      0x13c C:/devkitPro/libnx/lib\libnx.a(fs.o)
                0x000000000000e700                fsDirRead
 *fill*         0x000000000000e83c        0x4 
 .text.nxlinkSetup
                0x000000000000e840       0xc4 C:/devkitPro/libnx/lib\libnx.a(nxlink.o)
                0x000000000000e840                nxlinkSetup
 *fill*         0x000000000000e904        0xc 
 .text.shmemLoadRemote
                0x000000000000e910       0x14 C:/devkitPro/libnx/lib\libnx.a(shmem.o)
                0x000000000000e910                shmemLoadRemote
 *fill*         0x000000000000e924        0xc 
 .text.shmemMap
                0x000000000000e930       0x84 C:/devkitPro/libnx/lib\libnx.a(shmem.o)
                0x000000000000e930                shmemMap
 *fill*         0x000000000000e9b4        0xc 
 .text.shmemUnmap
                0x000000000000e9c0       0x58 C:/devkitPro/libnx/lib\libnx.a(shmem.o)
                0x000000000000e9c0                shmemUnmap
 *fill*         0x000000000000ea18        0x8 
 .text.shmemClose
                0x000000000000ea20       0x44 C:/devkitPro/libnx/lib\libnx.a(shmem.o)
                0x000000000000ea20                shmemClose
 *fill*         0x000000000000ea64        0xc 
 .text.rwlockWriteLock
                0x000000000000ea70        0x8 C:/devkitPro/libnx/lib\libnx.a(rwlock.o)
                0x000000000000ea70                rwlockWriteLock
 *fill*         0x000000000000ea78        0x8 
 .text.rwlockWriteUnlock
                0x000000000000ea80        0x8 C:/devkitPro/libnx/lib\libnx.a(rwlock.o)
                0x000000000000ea80                rwlockWriteUnlock
 .text.bsearch  0x000000000000ea88       0xb8 c:/devkitpro/devkita64/bin/../lib/gcc/aarch64-none-elf/8.2.0/../../../../aarch64-none-elf/lib/pic\libg.a(lib_a-bsearch.o)
                0x000000000000ea88                bsearch
 .text.__errno  0x000000000000eb40       0x14 c:/devkitpro/devkita64/bin/../lib/gcc/aarch64-none-elf/8.2.0/../../../../aarch64-none-elf/lib/pic\libg.a(lib_a-errno.o)
                0x000000000000eb40                __errno
 *fill*         0x000000000000eb54        0x4 
 .text.__libc_fini_array
                0x000000000000eb58       0x44 c:/devkitpro/devkita64/bin/../lib/gcc/aarch64-none-elf/8.2.0/../../../../aarch64-none-elf/lib/pic\libg.a(lib_a-fini.o)
                0x000000000000eb58                __libc_fini_array
 *fill*         0x000000000000eb9c        0x4 
 .text.__libc_init_array
                0x000000000000eba0       0x8c c:/devkitpro/devkita64/bin/../lib/gcc/aarch64-none-elf/8.2.0/../../../../aarch64-none-elf/lib/pic\libg.a(lib_a-init.o)
                0x000000000000eba0                __libc_init_array
 *fill*         0x000000000000ec2c        0x4 
 .text.__locale_mb_cur_max
                0x000000000000ec30       0x2c c:/devkitpro/devkita64/bin/../lib/gcc/aarch64-none-elf/8.2.0/../../../../aarch64-none-elf/lib/pic\libg.a(lib_a-locale.o)
                0x000000000000ec30                __locale_mb_cur_max
 *fill*         0x000000000000ec5c        0x4 
 .text.__locale_ctype_ptr_l
                0x000000000000ec60        0x8 c:/devkitpro/devkita64/bin/../lib/gcc/aarch64-none-elf/8.2.0/../../../../aarch64-none-elf/lib/pic\libg.a(lib_a-locale.o)
                0x000000000000ec60                __locale_ctype_ptr_l
 .text.__locale_ctype_ptr
                0x000000000000ec68       0x2c c:/devkitpro/devkita64/bin/../lib/gcc/aarch64-none-elf/8.2.0/../../../../aarch64-none-elf/lib/pic\libg.a(lib_a-locale.o)
                0x000000000000ec68                __locale_ctype_ptr
 *fill*         0x000000000000ec94        0x4 
 .text.memalign
                0x000000000000ec98       0x30 c:/devkitpro/devkita64/bin/../lib/gcc/aarch64-none-elf/8.2.0/../../../../aarch64-none-elf/lib/pic\libg.a(lib_a-malign.o)
                0x000000000000ec98                memalign
 .text._memalign_r
                0x000000000000ecc8      0x198 c:/devkitpro/devkita64/bin/../lib/gcc/aarch64-none-elf/8.2.0/../../../../aarch64-none-elf/lib/pic\libg.a(lib_a-malignr.o)
                0x000000000000ecc8                _memalign_r
 .text.malloc   0x000000000000ee60       0x1c c:/devkitpro/devkita64/bin/../lib/gcc/aarch64-none-elf/8.2.0/../../../../aarch64-none-elf/lib/pic\libg.a(lib_a-malloc.o)
                0x000000000000ee60                malloc
 *fill*         0x000000000000ee7c        0x4 
 .text.free     0x000000000000ee80       0x1c c:/devkitpro/devkita64/bin/../lib/gcc/aarch64-none-elf/8.2.0/../../../../aarch64-none-elf/lib/pic\libg.a(lib_a-malloc.o)
                0x000000000000ee80                free
 *fill*         0x000000000000ee9c        0x4 
 .text._malloc_r
                0x000000000000eea0      0x844 c:/devkitpro/devkita64/bin/../lib/gcc/aarch64-none-elf/8.2.0/../../../../aarch64-none-elf/lib/pic\libg.a(lib_a-mallocr.o)
                0x000000000000eea0                _malloc_r
 *fill*         0x000000000000f6e4        0x4 
 .text.__utf8_mbtowc
                0x000000000000f6e8      0x2c8 c:/devkitpro/devkita64/bin/../lib/gcc/aarch64-none-elf/8.2.0/../../../../aarch64-none-elf/lib/pic\libg.a(lib_a-mbtowc_r.o)
                0x000000000000f6e8                __utf8_mbtowc
 .text          0x000000000000f9b0       0xd8 c:/devkitpro/devkita64/bin/../lib/gcc/aarch64-none-elf/8.2.0/../../../../aarch64-none-elf/lib/pic\libg.a(lib_a-memchr.o)
                0x000000000000f9b0                memchr
 *fill*         0x000000000000fa88       0x38 
 .text          0x000000000000fac0      0x16c c:/devkitpro/devkita64/bin/../lib/gcc/aarch64-none-elf/8.2.0/../../../../aarch64-none-elf/lib/pic\libg.a(lib_a-memcpy.o)
                0x000000000000fac0                memcpy
 *fill*         0x000000000000fc2c       0x14 
 .text          0x000000000000fc40      0x1d8 c:/devkitpro/devkita64/bin/../lib/gcc/aarch64-none-elf/8.2.0/../../../../aarch64-none-elf/lib/pic\libg.a(lib_a-memset.o)
                0x000000000000fc40                memset
 .text.__malloc_lock
                0x000000000000fe18        0xc c:/devkitpro/devkita64/bin/../lib/gcc/aarch64-none-elf/8.2.0/../../../../aarch64-none-elf/lib/pic\libg.a(lib_a-mlock.o)
                0x000000000000fe18                __malloc_lock
 *fill*         0x000000000000fe24        0x4 
 .text.__malloc_unlock
                0x000000000000fe28        0xc c:/devkitpro/devkita64/bin/../lib/gcc/aarch64-none-elf/8.2.0/../../../../aarch64-none-elf/lib/pic\libg.a(lib_a-mlock.o)
                0x000000000000fe28                __malloc_unlock
 *fill*         0x000000000000fe34        0x4 
 .text.setenv   0x000000000000fe38       0x3c c:/devkitpro/devkita64/bin/../lib/gcc/aarch64-none-elf/8.2.0/../../../../aarch64-none-elf/lib/pic\libg.a(lib_a-setenv.o)
                0x000000000000fe38                setenv
 *fill*         0x000000000000fe74        0x4 
 .text._setenv_r
                0x000000000000fe78      0x264 c:/devkitpro/devkita64/bin/../lib/gcc/aarch64-none-elf/8.2.0/../../../../aarch64-none-elf/lib/pic\libg.a(lib_a-setenv_r.o)
                0x000000000000fe78                _setenv_r
 *fill*         0x00000000000100dc        0x4 
 .text.setvbuf  0x00000000000100e0      0x25c c:/devkitpro/devkita64/bin/../lib/gcc/aarch64-none-elf/8.2.0/../../../../aarch64-none-elf/lib/pic\libg.a(lib_a-setvbuf.o)
                0x00000000000100e0                setvbuf
 *fill*         0x000000000001033c        0x4 
 .text.sscanf   0x0000000000010340       0xbc c:/devkitpro/devkita64/bin/../lib/gcc/aarch64-none-elf/8.2.0/../../../../aarch64-none-elf/lib/pic\libg.a(lib_a-sscanf.o)
                0x0000000000010340                sscanf
 *fill*         0x00000000000103fc        0x4 
 .text.__sread  0x0000000000010400       0x50 c:/devkitpro/devkita64/bin/../lib/gcc/aarch64-none-elf/8.2.0/../../../../aarch64-none-elf/lib/pic\libg.a(lib_a-stdio.o)
                0x0000000000010400                __sread
 .text.__seofread
                0x0000000000010450        0x8 c:/devkitpro/devkita64/bin/../lib/gcc/aarch64-none-elf/8.2.0/../../../../aarch64-none-elf/lib/pic\libg.a(lib_a-stdio.o)
                0x0000000000010450                __seofread
 .text.__swrite
                0x0000000000010458       0x6c c:/devkitpro/devkita64/bin/../lib/gcc/aarch64-none-elf/8.2.0/../../../../aarch64-none-elf/lib/pic\libg.a(lib_a-stdio.o)
                0x0000000000010458                __swrite
 *fill*         0x00000000000104c4        0x4 
 .text.__sseek  0x00000000000104c8       0x50 c:/devkitpro/devkita64/bin/../lib/gcc/aarch64-none-elf/8.2.0/../../../../aarch64-none-elf/lib/pic\libg.a(lib_a-stdio.o)
                0x00000000000104c8                __sseek
 .text.__sclose
                0x0000000000010518        0x8 c:/devkitpro/devkita64/bin/../lib/gcc/aarch64-none-elf/8.2.0/../../../../aarch64-none-elf/lib/pic\libg.a(lib_a-stdio.o)
                0x0000000000010518                __sclose
 .text          0x0000000000010520       0xdc c:/devkitpro/devkita64/bin/../lib/gcc/aarch64-none-elf/8.2.0/../../../../aarch64-none-elf/lib/pic\libg.a(lib_a-strchr.o)
                0x0000000000010520                strchr
 *fill*         0x00000000000105fc        0x4 
 .text          0x0000000000010600       0xa4 c:/devkitpro/devkita64/bin/../lib/gcc/aarch64-none-elf/8.2.0/../../../../aarch64-none-elf/lib/pic\libg.a(lib_a-strcmp.o)
                0x0000000000010600                strcmp
 *fill*         0x00000000000106a4       0x1c 
 .text          0x00000000000106c0      0x140 c:/devkitpro/devkita64/bin/../lib/gcc/aarch64-none-elf/8.2.0/../../../../aarch64-none-elf/lib/pic\libg.a(lib_a-strlen.o)
                0x00000000000106c0                strlen
 .text.strncat  0x0000000000010800       0x84 c:/devkitpro/devkita64/bin/../lib/gcc/aarch64-none-elf/8.2.0/../../../../aarch64-none-elf/lib/pic\libg.a(lib_a-strncat.o)
                0x0000000000010800                strncat
 *fill*         0x0000000000010884       0x3c 
 .text          0x00000000000108c0      0x124 c:/devkitpro/devkita64/bin/../lib/gcc/aarch64-none-elf/8.2.0/../../../../aarch64-none-elf/lib/pic\libg.a(lib_a-strncmp.o)
                0x00000000000108dc                strncmp
 *fill*         0x00000000000109e4        0x4 
 .text.strncpy  0x00000000000109e8       0xa8 c:/devkitpro/devkita64/bin/../lib/gcc/aarch64-none-elf/8.2.0/../../../../aarch64-none-elf/lib/pic\libg.a(lib_a-strncpy.o)
                0x00000000000109e8                strncpy
 *fill*         0x0000000000010a90       0x30 
 .text          0x0000000000010ac0       0xe0 c:/devkitpro/devkita64/bin/../lib/gcc/aarch64-none-elf/8.2.0/../../../../aarch64-none-elf/lib/pic\libg.a(lib_a-strnlen.o)
                0x0000000000010ae4                strnlen
 .text._strtol_l.isra.0
                0x0000000000010ba0      0x1d0 c:/devkitpro/devkita64/bin/../lib/gcc/aarch64-none-elf/8.2.0/../../../../aarch64-none-elf/lib/pic\libg.a(lib_a-strtol.o)
 .text._strtol_r
                0x0000000000010d70       0x48 c:/devkitpro/devkita64/bin/../lib/gcc/aarch64-none-elf/8.2.0/../../../../aarch64-none-elf/lib/pic\libg.a(lib_a-strtol.o)
                0x0000000000010d70                _strtol_r
 .text._strtoul_l.isra.0
                0x0000000000010db8      0x1e0 c:/devkitpro/devkita64/bin/../lib/gcc/aarch64-none-elf/8.2.0/../../../../aarch64-none-elf/lib/pic\libg.a(lib_a-strtoul.o)
 .text._strtoul_r
                0x0000000000010f98       0x48 c:/devkitpro/devkita64/bin/../lib/gcc/aarch64-none-elf/8.2.0/../../../../aarch64-none-elf/lib/pic\libg.a(lib_a-strtoul.o)
                0x0000000000010f98                _strtoul_r
 .text.strtoul  0x0000000000010fe0       0x5c c:/devkitpro/devkita64/bin/../lib/gcc/aarch64-none-elf/8.2.0/../../../../aarch64-none-elf/lib/pic\libg.a(lib_a-strtoul.o)
                0x0000000000010fe0                strtoul
 .text.get_arg  0x000000000001103c       0x5c c:/devkitpro/devkita64/bin/../lib/gcc/aarch64-none-elf/8.2.0/../../../../aarch64-none-elf/lib/pic\libg.a(lib_a-svfscanf.o)
 .text.__ssvfscanf_r
                0x0000000000011098     0x2f48 c:/devkitpro/devkita64/bin/../lib/gcc/aarch64-none-elf/8.2.0/../../../../aarch64-none-elf/lib/pic\libg.a(lib_a-svfscanf.o)
                0x0000000000011098                __ssvfscanf_r
 .text._wcrtomb_r
                0x0000000000013fe0       0xd0 c:/devkitpro/devkita64/bin/../lib/gcc/aarch64-none-elf/8.2.0/../../../../aarch64-none-elf/lib/pic\libg.a(lib_a-wcrtomb.o)
                0x0000000000013fe0                _wcrtomb_r
 .text._wcsrtombs_r
                0x00000000000140b0       0x10 c:/devkitpro/devkita64/bin/../lib/gcc/aarch64-none-elf/8.2.0/../../../../aarch64-none-elf/lib/pic\libg.a(lib_a-wcsrtombs.o)
                0x00000000000140b0                _wcsrtombs_r
 .text.__utf8_wctomb
                0x00000000000140c0       0xe4 c:/devkitpro/devkita64/bin/../lib/gcc/aarch64-none-elf/8.2.0/../../../../aarch64-none-elf/lib/pic\libg.a(lib_a-wctomb_r.o)
                0x00000000000140c0                __utf8_wctomb
 *fill*         0x00000000000141a4        0x4 
 .text.__call_exitprocs
                0x00000000000141a8      0x17c c:/devkitpro/devkita64/bin/../lib/gcc/aarch64-none-elf/8.2.0/../../../../aarch64-none-elf/lib/pic\libg.a(lib_a-__call_atexit.o)
                0x00000000000141a8                __call_exitprocs
 *fill*         0x0000000000014324        0x4 
 .text.quorem   0x0000000000014328      0x1a8 c:/devkitpro/devkita64/bin/../lib/gcc/aarch64-none-elf/8.2.0/../../../../aarch64-none-elf/lib/pic\libg.a(lib_a-dtoa.o)
 .text._dtoa_r  0x00000000000144d0     0x10dc c:/devkitpro/devkita64/bin/../lib/gcc/aarch64-none-elf/8.2.0/../../../../aarch64-none-elf/lib/pic\libg.a(lib_a-dtoa.o)
                0x00000000000144d0                _dtoa_r
 *fill*         0x00000000000155ac        0x4 
 .text.__env_lock
                0x00000000000155b0        0xc c:/devkitpro/devkita64/bin/../lib/gcc/aarch64-none-elf/8.2.0/../../../../aarch64-none-elf/lib/pic\libg.a(lib_a-envlock.o)
                0x00000000000155b0                __env_lock
 *fill*         0x00000000000155bc        0x4 
 .text.__env_unlock
                0x00000000000155c0        0xc c:/devkitpro/devkita64/bin/../lib/gcc/aarch64-none-elf/8.2.0/../../../../aarch64-none-elf/lib/pic\libg.a(lib_a-envlock.o)
                0x00000000000155c0                __env_unlock
 *fill*         0x00000000000155cc        0x4 
 .text.__sflush_r
                0x00000000000155d0      0x214 c:/devkitpro/devkita64/bin/../lib/gcc/aarch64-none-elf/8.2.0/../../../../aarch64-none-elf/lib/pic\libg.a(lib_a-fflush.o)
                0x00000000000155d0                __sflush_r
 *fill*         0x00000000000157e4        0x4 
 .text._fflush_r
                0x00000000000157e8       0xb8 c:/devkitpro/devkita64/bin/../lib/gcc/aarch64-none-elf/8.2.0/../../../../aarch64-none-elf/lib/pic\libg.a(lib_a-fflush.o)
                0x00000000000157e8                _fflush_r
 .text.std      0x00000000000158a0       0x78 c:/devkitpro/devkita64/bin/../lib/gcc/aarch64-none-elf/8.2.0/../../../../aarch64-none-elf/lib/pic\libg.a(lib_a-findfp.o)
 .text._cleanup_r
                0x0000000000015918        0xc c:/devkitpro/devkita64/bin/../lib/gcc/aarch64-none-elf/8.2.0/../../../../aarch64-none-elf/lib/pic\libg.a(lib_a-findfp.o)
                0x0000000000015918                _cleanup_r
 *fill*         0x0000000000015924        0x4 
 .text.__sfp_lock_acquire
                0x0000000000015928        0xc c:/devkitpro/devkita64/bin/../lib/gcc/aarch64-none-elf/8.2.0/../../../../aarch64-none-elf/lib/pic\libg.a(lib_a-findfp.o)
                0x0000000000015928                __sfp_lock_acquire
 *fill*         0x0000000000015934        0x4 
 .text.__sfp_lock_release
                0x0000000000015938        0xc c:/devkitpro/devkita64/bin/../lib/gcc/aarch64-none-elf/8.2.0/../../../../aarch64-none-elf/lib/pic\libg.a(lib_a-findfp.o)
                0x0000000000015938                __sfp_lock_release
 *fill*         0x0000000000015944        0x4 
 .text.__sinit_lock_acquire
                0x0000000000015948        0xc c:/devkitpro/devkita64/bin/../lib/gcc/aarch64-none-elf/8.2.0/../../../../aarch64-none-elf/lib/pic\libg.a(lib_a-findfp.o)
                0x0000000000015948                __sinit_lock_acquire
 *fill*         0x0000000000015954        0x4 
 .text.__sinit_lock_release
                0x0000000000015958        0xc c:/devkitpro/devkita64/bin/../lib/gcc/aarch64-none-elf/8.2.0/../../../../aarch64-none-elf/lib/pic\libg.a(lib_a-findfp.o)
                0x0000000000015958                __sinit_lock_release
 *fill*         0x0000000000015964        0x4 
 .text.__sinit  0x0000000000015968       0x80 c:/devkitpro/devkita64/bin/../lib/gcc/aarch64-none-elf/8.2.0/../../../../aarch64-none-elf/lib/pic\libg.a(lib_a-findfp.o)
                0x0000000000015968                __sinit
 .text._malloc_trim_r
                0x00000000000159e8      0x118 c:/devkitpro/devkita64/bin/../lib/gcc/aarch64-none-elf/8.2.0/../../../../aarch64-none-elf/lib/pic\libg.a(lib_a-freer.o)
                0x00000000000159e8                _malloc_trim_r
 .text._free_r  0x0000000000015b00      0x2f4 c:/devkitpro/devkita64/bin/../lib/gcc/aarch64-none-elf/8.2.0/../../../../aarch64-none-elf/lib/pic\libg.a(lib_a-freer.o)
                0x0000000000015b00                _free_r
 *fill*         0x0000000000015df4        0x4 
 .text._fwalk_reent
                0x0000000000015df8       0xbc c:/devkitpro/devkita64/bin/../lib/gcc/aarch64-none-elf/8.2.0/../../../../aarch64-none-elf/lib/pic\libg.a(lib_a-fwalk.o)
                0x0000000000015df8                _fwalk_reent
 *fill*         0x0000000000015eb4        0x4 
 .text._findenv_r
                0x0000000000015eb8      0x100 c:/devkitpro/devkita64/bin/../lib/gcc/aarch64-none-elf/8.2.0/../../../../aarch64-none-elf/lib/pic\libg.a(lib_a-getenv_r.o)
                0x0000000000015eb8                _findenv_r
 .text.iswspace
                0x0000000000015fb8       0x84 c:/devkitpro/devkita64/bin/../lib/gcc/aarch64-none-elf/8.2.0/../../../../aarch64-none-elf/lib/pic\libg.a(lib_a-iswspace.o)
                0x0000000000015fb8                iswspace
 *fill*         0x000000000001603c        0x4 
 .text.__jp2uc  0x0000000000016040      0x244 c:/devkitpro/devkita64/bin/../lib/gcc/aarch64-none-elf/8.2.0/../../../../aarch64-none-elf/lib/pic\libg.a(lib_a-jp2uc.o)
 *fill*         0x0000000000016284        0x4 
 .text._jp2uc   0x0000000000016288       0xd0 c:/devkitpro/devkita64/bin/../lib/gcc/aarch64-none-elf/8.2.0/../../../../aarch64-none-elf/lib/pic\libg.a(lib_a-jp2uc.o)
                0x0000000000016288                _jp2uc
 .text.__localeconv_l
                0x0000000000016358        0x8 c:/devkitpro/devkita64/bin/../lib/gcc/aarch64-none-elf/8.2.0/../../../../aarch64-none-elf/lib/pic\libg.a(lib_a-localeconv.o)
                0x0000000000016358                __localeconv_l
 .text._localeconv_r
                0x0000000000016360       0x28 c:/devkitpro/devkita64/bin/../lib/gcc/aarch64-none-elf/8.2.0/../../../../aarch64-none-elf/lib/pic\libg.a(lib_a-localeconv.o)
                0x0000000000016360                _localeconv_r
 .text.__swhatbuf_r
                0x0000000000016388       0xa4 c:/devkitpro/devkita64/bin/../lib/gcc/aarch64-none-elf/8.2.0/../../../../aarch64-none-elf/lib/pic\libg.a(lib_a-makebuf.o)
                0x0000000000016388                __swhatbuf_r
 *fill*         0x000000000001642c        0x4 
 .text._mbrtowc_r
                0x0000000000016430       0xd8 c:/devkitpro/devkita64/bin/../lib/gcc/aarch64-none-elf/8.2.0/../../../../aarch64-none-elf/lib/pic\libg.a(lib_a-mbrtowc.o)
                0x0000000000016430                _mbrtowc_r
 .text._Balloc  0x0000000000016508       0x90 c:/devkitpro/devkita64/bin/../lib/gcc/aarch64-none-elf/8.2.0/../../../../aarch64-none-elf/lib/pic\libg.a(lib_a-mprec.o)
                0x0000000000016508                _Balloc
 .text._Bfree   0x0000000000016598       0x1c c:/devkitpro/devkita64/bin/../lib/gcc/aarch64-none-elf/8.2.0/../../../../aarch64-none-elf/lib/pic\libg.a(lib_a-mprec.o)
                0x0000000000016598                _Bfree
 *fill*         0x00000000000165b4        0x4 
 .text.__multadd
                0x00000000000165b8       0xe8 c:/devkitpro/devkita64/bin/../lib/gcc/aarch64-none-elf/8.2.0/../../../../aarch64-none-elf/lib/pic\libg.a(lib_a-mprec.o)
                0x00000000000165b8                __multadd
 .text.__s2b    0x00000000000166a0      0x120 c:/devkitpro/devkita64/bin/../lib/gcc/aarch64-none-elf/8.2.0/../../../../aarch64-none-elf/lib/pic\libg.a(lib_a-mprec.o)
                0x00000000000166a0                __s2b
 .text.__hi0bits
                0x00000000000167c0       0x5c c:/devkitpro/devkita64/bin/../lib/gcc/aarch64-none-elf/8.2.0/../../../../aarch64-none-elf/lib/pic\libg.a(lib_a-mprec.o)
                0x00000000000167c0                __hi0bits
 *fill*         0x000000000001681c        0x4 
 .text.__lo0bits
                0x0000000000016820       0xa0 c:/devkitpro/devkita64/bin/../lib/gcc/aarch64-none-elf/8.2.0/../../../../aarch64-none-elf/lib/pic\libg.a(lib_a-mprec.o)
                0x0000000000016820                __lo0bits
 .text.__i2b    0x00000000000168c0       0x2c c:/devkitpro/devkita64/bin/../lib/gcc/aarch64-none-elf/8.2.0/../../../../aarch64-none-elf/lib/pic\libg.a(lib_a-mprec.o)
                0x00000000000168c0                __i2b
 *fill*         0x00000000000168ec        0x4 
 .text.__multiply
                0x00000000000168f0      0x1c8 c:/devkitpro/devkita64/bin/../lib/gcc/aarch64-none-elf/8.2.0/../../../../aarch64-none-elf/lib/pic\libg.a(lib_a-mprec.o)
                0x00000000000168f0                __multiply
 .text.__pow5mult
                0x0000000000016ab8      0x104 c:/devkitpro/devkita64/bin/../lib/gcc/aarch64-none-elf/8.2.0/../../../../aarch64-none-elf/lib/pic\libg.a(lib_a-mprec.o)
                0x0000000000016ab8                __pow5mult
 *fill*         0x0000000000016bbc        0x4 
 .text.__lshift
                0x0000000000016bc0      0x134 c:/devkitpro/devkita64/bin/../lib/gcc/aarch64-none-elf/8.2.0/../../../../aarch64-none-elf/lib/pic\libg.a(lib_a-mprec.o)
                0x0000000000016bc0                __lshift
 *fill*         0x0000000000016cf4        0x4 
 .text.__mcmp   0x0000000000016cf8       0x50 c:/devkitpro/devkita64/bin/../lib/gcc/aarch64-none-elf/8.2.0/../../../../aarch64-none-elf/lib/pic\libg.a(lib_a-mprec.o)
                0x0000000000016cf8                __mcmp
 .text.__mdiff  0x0000000000016d48      0x14c c:/devkitpro/devkita64/bin/../lib/gcc/aarch64-none-elf/8.2.0/../../../../aarch64-none-elf/lib/pic\libg.a(lib_a-mprec.o)
                0x0000000000016d48                __mdiff
 *fill*         0x0000000000016e94        0x4 
 .text.__ulp    0x0000000000016e98       0x68 c:/devkitpro/devkita64/bin/../lib/gcc/aarch64-none-elf/8.2.0/../../../../aarch64-none-elf/lib/pic\libg.a(lib_a-mprec.o)
                0x0000000000016e98                __ulp
 .text.__b2d    0x0000000000016f00      0x150 c:/devkitpro/devkita64/bin/../lib/gcc/aarch64-none-elf/8.2.0/../../../../aarch64-none-elf/lib/pic\libg.a(lib_a-mprec.o)
                0x0000000000016f00                __b2d
 .text.__d2b    0x0000000000017050      0x138 c:/devkitpro/devkita64/bin/../lib/gcc/aarch64-none-elf/8.2.0/../../../../aarch64-none-elf/lib/pic\libg.a(lib_a-mprec.o)
                0x0000000000017050                __d2b
 .text.__ratio  0x0000000000017188       0xa0 c:/devkitpro/devkita64/bin/../lib/gcc/aarch64-none-elf/8.2.0/../../../../aarch64-none-elf/lib/pic\libg.a(lib_a-mprec.o)
                0x0000000000017188                __ratio
 .text.__copybits
                0x0000000000017228       0x68 c:/devkitpro/devkita64/bin/../lib/gcc/aarch64-none-elf/8.2.0/../../../../aarch64-none-elf/lib/pic\libg.a(lib_a-mprec.o)
                0x0000000000017228                __copybits
 .text.__any_on
                0x0000000000017290       0x84 c:/devkitpro/devkita64/bin/../lib/gcc/aarch64-none-elf/8.2.0/../../../../aarch64-none-elf/lib/pic\libg.a(lib_a-mprec.o)
                0x0000000000017290                __any_on
 *fill*         0x0000000000017314        0x4 
 .text.realloc  0x0000000000017318       0x30 c:/devkitpro/devkita64/bin/../lib/gcc/aarch64-none-elf/8.2.0/../../../../aarch64-none-elf/lib/pic\libg.a(lib_a-realloc.o)
                0x0000000000017318                realloc
 .text._realloc_r
                0x0000000000017348      0x56c c:/devkitpro/devkita64/bin/../lib/gcc/aarch64-none-elf/8.2.0/../../../../aarch64-none-elf/lib/pic\libg.a(lib_a-reallocr.o)
                0x0000000000017348                _realloc_r
 *fill*         0x00000000000178b4        0x4 
 .text.__sccl   0x00000000000178b8       0xbc c:/devkitpro/devkita64/bin/../lib/gcc/aarch64-none-elf/8.2.0/../../../../aarch64-none-elf/lib/pic\libg.a(lib_a-sccl.o)
                0x00000000000178b8                __sccl
 *fill*         0x0000000000017974        0x4 
 .text.nanf     0x0000000000017978        0xc c:/devkitpro/devkita64/bin/../lib/gcc/aarch64-none-elf/8.2.0/../../../../aarch64-none-elf/lib/pic\libg.a(lib_a-sf_nan.o)
                0x0000000000017978                nanf
 *fill*         0x0000000000017984        0x4 
 .text.frexp    0x0000000000017988       0x7c c:/devkitpro/devkita64/bin/../lib/gcc/aarch64-none-elf/8.2.0/../../../../aarch64-none-elf/lib/pic\libg.a(lib_a-s_frexp.o)
                0x0000000000017988                frexp
 *fill*         0x0000000000017a04        0x4 
 .text.sprintf  0x0000000000017a08       0xa8 c:/devkitpro/devkita64/bin/../lib/gcc/aarch64-none-elf/8.2.0/../../../../aarch64-none-elf/lib/pic\libg.a(lib_a-sprintf.o)
                0x0000000000017a08                sprintf
 .text.stpncpy  0x0000000000017ab0       0xc8 c:/devkitpro/devkita64/bin/../lib/gcc/aarch64-none-elf/8.2.0/../../../../aarch64-none-elf/lib/pic\libg.a(lib_a-stpncpy.o)
                0x0000000000017ab0                stpncpy
 .text.sulp     0x0000000000017b78       0x54 c:/devkitpro/devkita64/bin/../lib/gcc/aarch64-none-elf/8.2.0/../../../../aarch64-none-elf/lib/pic\libg.a(lib_a-strtod.o)
 *fill*         0x0000000000017bcc        0x4 
 .text._strtod_l
                0x0000000000017bd0     0x10f0 c:/devkitpro/devkita64/bin/../lib/gcc/aarch64-none-elf/8.2.0/../../../../aarch64-none-elf/lib/pic\libg.a(lib_a-strtod.o)
                0x0000000000017bd0                _strtod_l
 .text._strtod_r
                0x0000000000018cc0       0x40 c:/devkitpro/devkita64/bin/../lib/gcc/aarch64-none-elf/8.2.0/../../../../aarch64-none-elf/lib/pic\libg.a(lib_a-strtod.o)
                0x0000000000018cc0                _strtod_r
 .text._strtoll_l.isra.0
                0x0000000000018d00      0x1d0 c:/devkitpro/devkita64/bin/../lib/gcc/aarch64-none-elf/8.2.0/../../../../aarch64-none-elf/lib/pic\libg.a(lib_a-strtoll.o)
 .text._strtoll_r
                0x0000000000018ed0       0x48 c:/devkitpro/devkita64/bin/../lib/gcc/aarch64-none-elf/8.2.0/../../../../aarch64-none-elf/lib/pic\libg.a(lib_a-strtoll.o)
                0x0000000000018ed0                _strtoll_r
 .text._strtoull_l.isra.0
                0x0000000000018f18      0x1e0 c:/devkitpro/devkita64/bin/../lib/gcc/aarch64-none-elf/8.2.0/../../../../aarch64-none-elf/lib/pic\libg.a(lib_a-strtoull.o)
 .text._strtoull_r
                0x00000000000190f8       0x48 c:/devkitpro/devkita64/bin/../lib/gcc/aarch64-none-elf/8.2.0/../../../../aarch64-none-elf/lib/pic\libg.a(lib_a-strtoull.o)
                0x00000000000190f8                _strtoull_r
 .text.__ssprint_r
                0x0000000000019140      0x1c0 c:/devkitpro/devkita64/bin/../lib/gcc/aarch64-none-elf/8.2.0/../../../../aarch64-none-elf/lib/pic\libg.a(lib_a-svfiprintf.o)
                0x0000000000019140                __ssprint_r
 .text._sungetc_r
                0x0000000000019300       0xf4 c:/devkitpro/devkita64/bin/../lib/gcc/aarch64-none-elf/8.2.0/../../../../aarch64-none-elf/lib/pic\libg.a(lib_a-svfiscanf.o)
                0x0000000000019300                _sungetc_r
 .text.__ssrefill_r
                0x00000000000193f4       0x70 c:/devkitpro/devkita64/bin/../lib/gcc/aarch64-none-elf/8.2.0/../../../../aarch64-none-elf/lib/pic\libg.a(lib_a-svfiscanf.o)
                0x00000000000193f4                __ssrefill_r
 .text._sfread_r
                0x0000000000019464       0xe0 c:/devkitpro/devkita64/bin/../lib/gcc/aarch64-none-elf/8.2.0/../../../../aarch64-none-elf/lib/pic\libg.a(lib_a-svfiscanf.o)
                0x0000000000019464                _sfread_r
 .text.get_arg  0x0000000000019544      0x76c c:/devkitpro/devkita64/bin/../lib/gcc/aarch64-none-elf/8.2.0/../../../../aarch64-none-elf/lib/pic\libg.a(lib_a-svfprintf.o)
 .text._svfprintf_r
                0x0000000000019cb0     0x3b44 c:/devkitpro/devkita64/bin/../lib/gcc/aarch64-none-elf/8.2.0/../../../../aarch64-none-elf/lib/pic\libg.a(lib_a-svfprintf.o)
                0x0000000000019cb0                _svfprintf_r
 *fill*         0x000000000001d7f4        0x4 
 .text.__submore
                0x000000000001d7f8       0xc8 c:/devkitpro/devkita64/bin/../lib/gcc/aarch64-none-elf/8.2.0/../../../../aarch64-none-elf/lib/pic\libg.a(lib_a-ungetc.o)
                0x000000000001d7f8                __submore
 .text._wcsnrtombs_l
                0x000000000001d8c0      0x1dc c:/devkitpro/devkita64/bin/../lib/gcc/aarch64-none-elf/8.2.0/../../../../aarch64-none-elf/lib/pic\libg.a(lib_a-wcsnrtombs.o)
                0x000000000001d8c0                _wcsnrtombs_l
 *fill*         0x000000000001da9c        0x4 
 .text._wcsnrtombs_r
                0x000000000001daa0       0x54 c:/devkitpro/devkita64/bin/../lib/gcc/aarch64-none-elf/8.2.0/../../../../aarch64-none-elf/lib/pic\libg.a(lib_a-wcsnrtombs.o)
                0x000000000001daa0                _wcsnrtombs_r
 *fill*         0x000000000001daf4        0x4 
 .text._calloc_r
                0x000000000001daf8       0x94 c:/devkitpro/devkita64/bin/../lib/gcc/aarch64-none-elf/8.2.0/../../../../aarch64-none-elf/lib/pic\libg.a(lib_a-callocr.o)
                0x000000000001daf8                _calloc_r
 *fill*         0x000000000001db8c        0x4 
 .text._fclose_r
                0x000000000001db90      0x15c c:/devkitpro/devkita64/bin/../lib/gcc/aarch64-none-elf/8.2.0/../../../../aarch64-none-elf/lib/pic\libg.a(lib_a-fclose.o)
                0x000000000001db90                _fclose_r
 *fill*         0x000000000001dcec        0x4 
 .text.rshift   0x000000000001dcf0      0x114 c:/devkitpro/devkita64/bin/../lib/gcc/aarch64-none-elf/8.2.0/../../../../aarch64-none-elf/lib/pic\libg.a(lib_a-gdtoa-gethex.o)
 *fill*         0x000000000001de04        0x4 
 .text.__gethex
                0x000000000001de08      0x7e8 c:/devkitpro/devkita64/bin/../lib/gcc/aarch64-none-elf/8.2.0/../../../../aarch64-none-elf/lib/pic\libg.a(lib_a-gdtoa-gethex.o)
                0x000000000001de08                __gethex
 .text.__match  0x000000000001e5f0       0x48 c:/devkitpro/devkita64/bin/../lib/gcc/aarch64-none-elf/8.2.0/../../../../aarch64-none-elf/lib/pic\libg.a(lib_a-gdtoa-hexnan.o)
                0x000000000001e5f0                __match
 .text.__hexnan
                0x000000000001e638      0x22c c:/devkitpro/devkita64/bin/../lib/gcc/aarch64-none-elf/8.2.0/../../../../aarch64-none-elf/lib/pic\libg.a(lib_a-gdtoa-hexnan.o)
                0x000000000001e638                __hexnan
 *fill*         0x000000000001e864       0x1c 
 .text          0x000000000001e880       0xac c:/devkitpro/devkita64/bin/../lib/gcc/aarch64-none-elf/8.2.0/../../../../aarch64-none-elf/lib/pic\libg.a(lib_a-memmove.o)
                0x000000000001e880                memmove
 *fill*         0x000000000001e92c        0x4 
 .text.null_write
                0x000000000001e930        0x8 c:/devkitpro/devkita64/bin/../lib/gcc/aarch64-none-elf/8.2.0/../../../../aarch64-none-elf/lib/pic\libsysbase.a(iosupport.o)
 .text.setDefaultDevice
                0x000000000001e938       0x18 c:/devkitpro/devkita64/bin/../lib/gcc/aarch64-none-elf/8.2.0/../../../../aarch64-none-elf/lib/pic\libsysbase.a(iosupport.o)
                0x000000000001e938                setDefaultDevice
 .text.FindDevice
                0x000000000001e950       0xf8 c:/devkitpro/devkita64/bin/../lib/gcc/aarch64-none-elf/8.2.0/../../../../aarch64-none-elf/lib/pic\libsysbase.a(iosupport.o)
                0x000000000001e950                FindDevice
 .text.RemoveDevice
                0x000000000001ea48       0x34 c:/devkitpro/devkita64/bin/../lib/gcc/aarch64-none-elf/8.2.0/../../../../aarch64-none-elf/lib/pic\libsysbase.a(iosupport.o)
                0x000000000001ea48                RemoveDevice
 *fill*         0x000000000001ea7c        0x4 
 .text.AddDevice
                0x000000000001ea80       0xd8 c:/devkitpro/devkita64/bin/../lib/gcc/aarch64-none-elf/8.2.0/../../../../aarch64-none-elf/lib/pic\libsysbase.a(iosupport.o)
                0x000000000001ea80                AddDevice
 .text._close_r
                0x000000000001eb58       0xa8 c:/devkitpro/devkita64/bin/../lib/gcc/aarch64-none-elf/8.2.0/../../../../aarch64-none-elf/lib/pic\libsysbase.a(close.o)
                0x000000000001eb58                _close_r
 .text._fstat_r
                0x000000000001ec00       0x80 c:/devkitpro/devkita64/bin/../lib/gcc/aarch64-none-elf/8.2.0/../../../../aarch64-none-elf/lib/pic\libsysbase.a(fstat.o)
                0x000000000001ec00                _fstat_r
 .text._lseek_r
                0x000000000001ec80       0x94 c:/devkitpro/devkita64/bin/../lib/gcc/aarch64-none-elf/8.2.0/../../../../aarch64-none-elf/lib/pic\libsysbase.a(lseek.o)
                0x000000000001ec80                _lseek_r
 *fill*         0x000000000001ed14        0x4 
 .text._read_r  0x000000000001ed18       0xa4 c:/devkitpro/devkita64/bin/../lib/gcc/aarch64-none-elf/8.2.0/../../../../aarch64-none-elf/lib/pic\libsysbase.a(read.o)
                0x000000000001ed18                _read_r
 *fill*         0x000000000001edbc        0x4 
 .text._sbrk_r  0x000000000001edc0       0x78 c:/devkitpro/devkita64/bin/../lib/gcc/aarch64-none-elf/8.2.0/../../../../aarch64-none-elf/lib/pic\libsysbase.a(sbrk.o)
                0x000000000001edc0                _sbrk_r
 .text._write_r
                0x000000000001ee38       0xa4 c:/devkitpro/devkita64/bin/../lib/gcc/aarch64-none-elf/8.2.0/../../../../aarch64-none-elf/lib/pic\libsysbase.a(write.o)
                0x000000000001ee38                _write_r
 *fill*         0x000000000001eedc        0x4 
 .text._exit    0x000000000001eee0       0x24 c:/devkitpro/devkita64/bin/../lib/gcc/aarch64-none-elf/8.2.0/../../../../aarch64-none-elf/lib/pic\libsysbase.a(_exit.o)
                0x000000000001eee0                _exit
 *fill*         0x000000000001ef04        0x4 
 .text._concatenate_path
                0x000000000001ef08      0x234 c:/devkitpro/devkita64/bin/../lib/gcc/aarch64-none-elf/8.2.0/../../../../aarch64-none-elf/lib/pic\libsysbase.a(chdir.o)
                0x000000000001ef08                _concatenate_path
 *fill*         0x000000000001f13c        0x4 
 .text.chdir    0x000000000001f140      0x178 c:/devkitpro/devkita64/bin/../lib/gcc/aarch64-none-elf/8.2.0/../../../../aarch64-none-elf/lib/pic\libsysbase.a(chdir.o)
                0x000000000001f140                chdir
 .text.__libc_lock_acquire
                0x000000000001f2b8       0x18 c:/devkitpro/devkita64/bin/../lib/gcc/aarch64-none-elf/8.2.0/../../../../aarch64-none-elf/lib/pic\libsysbase.a(syscall_support.o)
                0x000000000001f2b8                __libc_lock_acquire
 .text.__libc_lock_release
                0x000000000001f2d0       0x18 c:/devkitpro/devkita64/bin/../lib/gcc/aarch64-none-elf/8.2.0/../../../../aarch64-none-elf/lib/pic\libsysbase.a(syscall_support.o)
                0x000000000001f2d0                __libc_lock_release
 .text.__libc_lock_init_recursive
                0x000000000001f2e8       0x18 c:/devkitpro/devkita64/bin/../lib/gcc/aarch64-none-elf/8.2.0/../../../../aarch64-none-elf/lib/pic\libsysbase.a(syscall_support.o)
                0x000000000001f2e8                __libc_lock_init_recursive
 .text.__libc_lock_acquire_recursive
                0x000000000001f300       0x18 c:/devkitpro/devkita64/bin/../lib/gcc/aarch64-none-elf/8.2.0/../../../../aarch64-none-elf/lib/pic\libsysbase.a(syscall_support.o)
                0x000000000001f300                __libc_lock_acquire_recursive
 .text.__libc_lock_release_recursive
                0x000000000001f318       0x18 c:/devkitpro/devkita64/bin/../lib/gcc/aarch64-none-elf/8.2.0/../../../../aarch64-none-elf/lib/pic\libsysbase.a(syscall_support.o)
                0x000000000001f318                __libc_lock_release_recursive
 .text.__libc_lock_close_recursive
                0x000000000001f330       0x18 c:/devkitpro/devkita64/bin/../lib/gcc/aarch64-none-elf/8.2.0/../../../../aarch64-none-elf/lib/pic\libsysbase.a(syscall_support.o)
                0x000000000001f330                __libc_lock_close_recursive
 .text.__free_handle
                0x000000000001f348       0x3c c:/devkitpro/devkita64/bin/../lib/gcc/aarch64-none-elf/8.2.0/../../../../aarch64-none-elf/lib/pic\libsysbase.a(handle_manager.o)
                0x000000000001f348                __free_handle
 *fill*         0x000000000001f384        0x4 
 .text.__release_handle
                0x000000000001f388       0x58 c:/devkitpro/devkita64/bin/../lib/gcc/aarch64-none-elf/8.2.0/../../../../aarch64-none-elf/lib/pic\libsysbase.a(handle_manager.o)
                0x000000000001f388                __release_handle
 .text.__get_handle
                0x000000000001f3e0       0x20 c:/devkitpro/devkita64/bin/../lib/gcc/aarch64-none-elf/8.2.0/../../../../aarch64-none-elf/lib/pic\libsysbase.a(handle_manager.o)
                0x000000000001f3e0                __get_handle
 .text.__getreent
                0x000000000001f400       0x24 c:/devkitpro/devkita64/bin/../lib/gcc/aarch64-none-elf/8.2.0/../../../../aarch64-none-elf/lib/pic\libsysbase.a(getreent.o)
                0x000000000001f400                __getreent
 *fill*         0x000000000001f424        0x4 
 .text.__extenddftf2